[31/8/2026, 18:39:32] 
════════════════════════════════════════════════════════════
[31/8/2026, 18:39:32] STARTING FETCH SESSION: manual
[31/8/2026, 18:39:32] Time (IST): 31/8/2026, 18:39:32
[31/8/2026, 18:39:32] Routes: 40
[31/8/2026, 18:39:32] ════════════════════════════════════════════════════════════
[31/8/2026, 18:39:32] [1/40] DH Road
[31/8/2026, 18:39:40]       📅 Adjusting Google Maps 'Depart at' to closest target slot: 07:00 PM
[31/8/2026, 18:39:42]       ✅ Found matching bus [AC-52] at Depart at [07:00 PM]
[31/8/2026, 18:39:50]   🚙 Car: 1 hr 14 min (74 min) | dist: 19.7 km | traffic: Unknown
[31/8/2026, 18:39:50]   🚌 Bus: 1 hr 9 min (69 min) | dist: 19.7 km
[31/8/2026, 18:39:50]   🛵 Bike: 1 hr 6 min (66 min) | dist: 19.7 km
[31/8/2026, 18:39:51] [2/40] B T Road
[31/8/2026, 18:39:58]       📅 Adjusting Google Maps 'Depart at' to closest target slot: 07:00 PM
[31/8/2026, 18:40:00]       ✅ Found matching bus [S-185] at Depart at [07:00 PM]
[31/8/2026, 18:40:08]   🚙 Car: 28 min (28 min) | dist: 6.0 km | traffic: Good
[31/8/2026, 18:40:08]   🚌 Bus: 21 min (21 min) | dist: 6.0 km
[31/8/2026, 18:40:08]   🛵 Bike: 25 min (25 min) | dist: 6.0 km
[31/8/2026, 18:40:09] [3/40] B T Road
[31/8/2026, 18:40:16]       📅 Adjusting Google Maps 'Depart at' to closest target slot: 07:00 PM
[31/8/2026, 18:40:18]       ✅ Found matching bus [Barrackpore Chiriamore - Salap More] at Depart at [07:00 PM]
[31/8/2026, 18:40:26]   🚙 Car: 33 min (33 min) | dist: 12.3 km | traffic: Unknown
[31/8/2026, 18:40:26]   🚌 Bus: 43 min (43 min) | dist: 12.3 km
[31/8/2026, 18:40:26]   🛵 Bike: 30 min (30 min) | dist: 12.3 km
[31/8/2026, 18:40:27] [4/40] VIP Road
[31/8/2026, 18:40:35]       📅 Adjusting Google Maps 'Depart at' to closest target slot: 07:00 PM
[31/8/2026, 18:40:38]       ✅ Found matching bus [L238] at Depart at [07:00 PM]
[31/8/2026, 18:40:45]   🚙 Car: 46 min (46 min) | dist: 13.8 km | traffic: Unknown
[31/8/2026, 18:40:45]   🚌 Bus: 32 min (32 min) | dist: 13.8 km
[31/8/2026, 18:40:45]   🛵 Bike: 39 min (39 min) | dist: 13.8 km
[31/8/2026, 18:40:46] [5/40] Jessore Road
[31/8/2026, 18:40:53]       📅 Adjusting Google Maps 'Depart at' to closest target slot: 07:00 PM
[31/8/2026, 18:40:56]       ✅ Found matching bus [79B] at Depart at [07:00 PM]
[31/8/2026, 18:41:03]   🚙 Car: 49 min (49 min) | dist: 11.3 km | traffic: Unknown
[31/8/2026, 18:41:03]   🚌 Bus: 38 min (38 min) | dist: 11.3 km
[31/8/2026, 18:41:03]   🛵 Bike: 41 min (41 min) | dist: 11.3 km
[31/8/2026, 18:41:04] [6/40] Airport Road
[31/8/2026, 18:41:12]       📅 Adjusting Google Maps 'Depart at' to closest target slot: 07:00 PM
[31/8/2026, 18:41:14]       ✅ Found matching bus [DN-9/1] at Depart at [07:00 PM]
[31/8/2026, 18:41:22]   🚙 Car: 20 min (20 min) | dist: 4.8 km | traffic: Good
[31/8/2026, 18:41:22]   🚌 Bus: 17 min (17 min) | dist: 4.8 km
[31/8/2026, 18:41:22]   🛵 Bike: 17 min (17 min) | dist: 4.8 km
[31/8/2026, 18:41:23] [7/40] APC Bose Rd
[31/8/2026, 18:41:31]       📅 Adjusting Google Maps 'Depart at' to closest target slot: 07:00 PM
[31/8/2026, 18:41:33]       ✅ Found matching bus [230] at Depart at [07:00 PM]
[31/8/2026, 18:41:41]   🚙 Car: 44 min (44 min) | dist: 8.2 km | traffic: Unknown
[31/8/2026, 18:41:41]   🚌 Bus: 28 min (28 min) | dist: 8.2 km
[31/8/2026, 18:41:41]   🛵 Bike: 38 min (38 min) | dist: 8.2 km
[31/8/2026, 18:41:42] [8/40] Bidhan Sarani
[31/8/2026, 18:41:49]       📅 Adjusting Google Maps 'Depart at' to closest target slot: 07:00 PM
[31/8/2026, 18:41:51]       ✅ Found matching bus [ 47B] at Depart at [07:00 PM]
[31/8/2026, 18:41:59]   🚙 Car: 31 min (31 min) | dist: 6.0 km | traffic: Unknown
[31/8/2026, 18:41:59]   🚌 Bus: 22 min (22 min) | dist: 6.0 km
[31/8/2026, 18:41:59]   🛵 Bike: 26 min (26 min) | dist: 6.0 km
[31/8/2026, 18:42:00] [9/40] Central Avenue (C R Avenue)
[31/8/2026, 18:42:07]       📅 Adjusting Google Maps 'Depart at' to closest target slot: 07:00 PM
[31/8/2026, 18:42:09]       ✅ Found matching bus [214A] at Depart at [07:00 PM]
[31/8/2026, 18:42:17]   🚙 Car: 25 min (25 min) | dist: 5.0 km | traffic: Good
[31/8/2026, 18:42:17]   🚌 Bus: 17 min (17 min) | dist: 5.0 km
[31/8/2026, 18:42:17]   🛵 Bike: 22 min (22 min) | dist: 5.0 km
[31/8/2026, 18:42:18] [10/40] S N Banerjee Road
[31/8/2026, 18:42:25]       📅 Adjusting Google Maps 'Depart at' to closest target slot: 07:00 PM
[31/8/2026, 18:42:28]       ✅ Found matching bus [S-12N] at Depart at [07:00 PM]
[31/8/2026, 18:42:36]   🚙 Car: 11 min (11 min) | dist: 2.3 km | traffic: Good
[31/8/2026, 18:42:36]   🚌 Bus: 7 min (7 min) | dist: 2.3 km
[31/8/2026, 18:42:36]   🛵 Bike: 10 min (10 min) | dist: 2.3 km
[31/8/2026, 18:42:37] [11/40] M G Road
[31/8/2026, 18:42:44]       📅 Adjusting Google Maps 'Depart at' to closest target slot: 07:00 PM
[31/8/2026, 18:42:47]       ✅ Found matching bus [24] at Depart at [07:00 PM]
[31/8/2026, 18:42:54]   🚙 Car: 27 min (27 min) | dist: 4.2 km | traffic: Unknown
[31/8/2026, 18:42:54]   🚌 Bus: 13 min (13 min) | dist: 4.2 km
[31/8/2026, 18:42:54]   🛵 Bike: 23 min (23 min) | dist: 4.2 km
[31/8/2026, 18:42:55] [12/40] C I T Road
[31/8/2026, 18:43:03]       📅 Adjusting Google Maps 'Depart at' to closest target slot: 07:00 PM
[31/8/2026, 18:43:05]       ✅ Found matching bus [240] at Depart at [07:00 PM]
[31/8/2026, 18:43:13]   🚙 Car: 12 min (12 min) | dist: 2.6 km | traffic: Good
[31/8/2026, 18:43:13]   🚌 Bus: 8 min (8 min) | dist: 2.6 km
[31/8/2026, 18:43:13]   🛵 Bike: 10 min (10 min) | dist: 2.6 km
[31/8/2026, 18:43:13] [13/40] Sarat Bose Road
[31/8/2026, 18:43:21]       📅 Adjusting Google Maps 'Depart at' to closest target slot: 07:00 PM
[31/8/2026, 18:43:23]       ✅ Found matching bus [221] at Depart at [07:00 PM]
[31/8/2026, 18:43:31]   🚙 Car: 21 min (21 min) | dist: 3.8 km | traffic: Good
[31/8/2026, 18:43:31]   🚌 Bus: 13 min (13 min) | dist: 3.8 km
[31/8/2026, 18:43:31]   🛵 Bike: 18 min (18 min) | dist: 3.8 km
[31/8/2026, 18:43:32] [14/40] S P Mukherjee Road
[31/8/2026, 18:43:40]       📅 Adjusting Google Maps 'Depart at' to closest target slot: 07:00 PM
[31/8/2026, 18:43:42]       ✅ Found matching bus [222  S-112] at Depart at [07:00 PM]
[31/8/2026, 18:43:50]   🚙 Car: 1 hr 17 min (77 min) | dist: 16.2 km | traffic: Unknown
[31/8/2026, 18:43:50]   🚌 Bus: 1 hr (60 min) | dist: 16.2 km
[31/8/2026, 18:43:50]   🛵 Bike: 1 hr 7 min (67 min) | dist: 16.2 km
[31/8/2026, 18:43:50] [15/40] Hazra Road / S P Mukherjee Road connector
[31/8/2026, 18:43:58]       📅 Adjusting Google Maps 'Depart at' to closest target slot: 07:00 PM
[31/8/2026, 18:44:00]       ✅ Found matching bus [42A  18C] at Depart at [07:00 PM]
[31/8/2026, 18:44:08]   🚙 Car: 28 min (28 min) | dist: 4.6 km | traffic: Good
[31/8/2026, 18:44:08]   🚌 Bus: 19 min (19 min) | dist: 4.6 km
[31/8/2026, 18:44:08]   🛵 Bike: 22 min (22 min) | dist: 4.6 km
[31/8/2026, 18:44:09] [16/40] Gariahat Road / Rashbehari Avenue
[31/8/2026, 18:44:16]       📅 Adjusting Google Maps 'Depart at' to closest target slot: 07:00 PM
[31/8/2026, 18:44:19]       ✅ Found matching bus [M-14] at Depart at [07:00 PM]
[31/8/2026, 18:44:27]   🚙 Car: 14 min (14 min) | dist: 2.9 km | traffic: Good
[31/8/2026, 18:44:27]   🚌 Bus: 10 min (10 min) | dist: 2.9 km
[31/8/2026, 18:44:27]   🛵 Bike: 12 min (12 min) | dist: 2.9 km
[31/8/2026, 18:44:28] [17/40] Chetla Road
[31/8/2026, 18:44:35]       📅 Adjusting Google Maps 'Depart at' to closest target slot: 07:00 PM
[31/8/2026, 18:44:38]       ✅ Found matching bus [S-22] at Depart at [07:00 PM]
[31/8/2026, 18:44:46]   🚙 Car: 14 min (14 min) | dist: 2.8 km | traffic: Unknown
[31/8/2026, 18:44:46]   🚌 Bus: 9 min (9 min) | dist: 2.8 km
[31/8/2026, 18:44:46]   🛵 Bike: 12 min (12 min) | dist: 2.8 km
[31/8/2026, 18:44:47] [18/40] Tollygunge - Taratala Road
[31/8/2026, 18:44:54]       📅 Adjusting Google Maps 'Depart at' to closest target slot: 07:00 PM
[31/8/2026, 18:44:56]       ✅ Found matching bus [SD5] at Depart at [07:00 PM]
[31/8/2026, 18:45:04]   🚙 Car: 19 min (19 min) | dist: 4.3 km | traffic: Unknown
[31/8/2026, 18:45:04]   🚌 Bus: 13 min (13 min) | dist: 4.3 km
[31/8/2026, 18:45:04]   🛵 Bike: 17 min (17 min) | dist: 4.3 km
[31/8/2026, 18:45:05] [19/40] Prince Anwar Shah Rd
[31/8/2026, 18:45:12]       📅 Adjusting Google Maps 'Depart at' to closest target slot: 07:00 PM
[31/8/2026, 18:45:15]       ✅ Found matching bus [ST-6] at Depart at [07:00 PM]
[31/8/2026, 18:45:23]   🚙 Car: 30 min (30 min) | dist: 6.9 km | traffic: Unknown
[31/8/2026, 18:45:23]   🚌 Bus: 24 min (24 min) | dist: 6.9 km
[31/8/2026, 18:45:23]   🛵 Bike: 26 min (26 min) | dist: 6.9 km
[31/8/2026, 18:45:24] [20/40] Karunamoyee Road
[31/8/2026, 18:45:31]       📅 Adjusting Google Maps 'Depart at' to closest target slot: 07:00 PM
[31/8/2026, 18:45:34]       ✅ Found matching bus [S-9] at Depart at [07:00 PM]
[31/8/2026, 18:45:42]   🚙 Car: 12 min (12 min) | dist: 3.3 km | traffic: Good
[31/8/2026, 18:45:42]   🚌 Bus: 10 min (10 min) | dist: 3.3 km
[31/8/2026, 18:45:42]   🛵 Bike: 11 min (11 min) | dist: 3.3 km
[31/8/2026, 18:45:42] [21/40] Canal South Road
[31/8/2026, 18:45:50]       📅 Adjusting Google Maps 'Depart at' to closest target slot: 07:00 PM
[31/8/2026, 18:45:52]       ✅ Found matching bus [S-22] at Depart at [07:00 PM]
[31/8/2026, 18:46:00]   🚙 Car: 31 min (31 min) | dist: 5.5 km | traffic: Good
[31/8/2026, 18:46:00]   🚌 Bus: 15 min (15 min) | dist: 5.5 km
[31/8/2026, 18:46:00]   🛵 Bike: 24 min (24 min) | dist: 5.5 km
[31/8/2026, 18:46:01] [22/40] VIP Road connector
[31/8/2026, 18:46:08]       📅 Adjusting Google Maps 'Depart at' to closest target slot: 07:00 PM
[31/8/2026, 18:46:11]       ✅ Found matching bus [Berachampa - Karunamoyee] at Depart at [07:00 PM]
[31/8/2026, 18:46:19]   🚙 Car: 21 min (21 min) | dist: 4.1 km | traffic: Good
[31/8/2026, 18:46:19]   🚌 Bus: 13 min (13 min) | dist: 4.1 km
[31/8/2026, 18:46:19]   🛵 Bike: 20 min (20 min) | dist: 4.1 km
[31/8/2026, 18:46:19] [23/40] Baishnabghata-Patuli
[31/8/2026, 18:46:27]       📅 Adjusting Google Maps 'Depart at' to closest target slot: 07:00 PM
[31/8/2026, 18:46:29]       ✅ Found matching bus [Kamal Gazi Bypass - Dankuni Housing] at Depart at [07:00 PM]
[31/8/2026, 18:46:37]   🚙 Car: 6 min (6 min) | dist: 1.4 km | traffic: Good
[31/8/2026, 18:46:37]   🚌 Bus: 4 min (4 min) | dist: 1.4 km
[31/8/2026, 18:46:37]   🛵 Bike: 5 min (5 min) | dist: 1.4 km
[31/8/2026, 18:46:38] [24/40] Patuli - Highland Park
[31/8/2026, 18:46:46]       📅 Adjusting Google Maps 'Depart at' to closest target slot: 07:00 PM
[31/8/2026, 18:46:48]       ✅ Found matching bus [AC-24A] at Depart at [07:00 PM]
[31/8/2026, 18:46:56]   🚙 Car: 3 min (3 min) | dist: 1.3 km | traffic: Good
[31/8/2026, 18:46:56]   🚌 Bus: 4 min (4 min) | dist: 1.3 km
[31/8/2026, 18:46:56]   🛵 Bike: 3 min (3 min) | dist: 1.3 km
[31/8/2026, 18:46:56] [25/40] Highland Park - Ajaynagar
[31/8/2026, 18:47:04]       📅 Adjusting Google Maps 'Depart at' to closest target slot: 07:00 PM
[31/8/2026, 18:47:06]       ✅ Found matching bus [AC-24A] at Depart at [07:00 PM]
[31/8/2026, 18:47:14]   🚙 Car: 2 min (2 min) | dist: 850 m | traffic: Good
[31/8/2026, 18:47:14]   🚌 Bus: 3 min (3 min) | dist: 850 m
[31/8/2026, 18:47:14]   🛵 Bike: 2 min (2 min) | dist: 850 m
[31/8/2026, 18:47:15] [26/40] Ajaynagar - Kalikapur
[31/8/2026, 18:47:22]       📅 Adjusting Google Maps 'Depart at' to closest target slot: 07:00 PM
[31/8/2026, 18:47:25]       ✅ Found matching bus [S-21] at Depart at [07:00 PM]
[31/8/2026, 18:47:33]   🚙 Car: 5 min (5 min) | dist: 1.7 km | traffic: Good
[31/8/2026, 18:47:33]   🚌 Bus: 6 min (6 min) | dist: 1.7 km
[31/8/2026, 18:47:33]   🛵 Bike: 4 min (4 min) | dist: 1.7 km
[31/8/2026, 18:47:33] [27/40] Kalikapur - Ruby
[31/8/2026, 18:47:41]       📅 Adjusting Google Maps 'Depart at' to closest target slot: 07:00 PM
[31/8/2026, 18:47:44]       ✅ Found active bus route [Matched Bus Route] (Live Transit Timetable)
[31/8/2026, 18:47:51]   🚙 Car: 5 min (5 min) | dist: 1.2 km | traffic: Good
[31/8/2026, 18:47:51]   🚌 Bus: 4 min (4 min) | dist: 1.2 km
[31/8/2026, 18:47:51]   🛵 Bike: 4 min (4 min) | dist: 1.2 km
[31/8/2026, 18:47:52] [28/40] Ruby - Science City
[31/8/2026, 18:47:59]       📅 Adjusting Google Maps 'Depart at' to closest target slot: 07:00 PM
[31/8/2026, 18:48:02]       ✅ Found matching bus [Garia No. 6 - Ultadanga] at Depart at [07:00 PM]
[31/8/2026, 18:48:10]   🚙 Car: 11 min (11 min) | dist: 4.0 km | traffic: Good
[31/8/2026, 18:48:10]   🚌 Bus: 14 min (14 min) | dist: 4.0 km
[31/8/2026, 18:48:10]   🛵 Bike: 9 min (9 min) | dist: 4.0 km
[31/8/2026, 18:48:11] [29/40] Science City - Chingrighata
[31/8/2026, 18:48:18]       📅 Adjusting Google Maps 'Depart at' to closest target slot: 07:00 PM
[31/8/2026, 18:48:21]       ✅ Found matching bus [Ecospace Amity University - Andul Station Road] at Depart at [07:00 PM]
[31/8/2026, 18:48:29]   🚙 Car: 5 min (5 min) | dist: 1.9 km | traffic: Good
[31/8/2026, 18:48:29]   🚌 Bus: 5 min (5 min) | dist: 1.9 km
[31/8/2026, 18:48:29]   🛵 Bike: 4 min (4 min) | dist: 1.9 km
[31/8/2026, 18:48:29] [30/40] Chingrighata - Sealdah
[31/8/2026, 18:48:37]       📅 Adjusting Google Maps 'Depart at' to closest target slot: 07:00 PM
[31/8/2026, 18:48:39]       ✅ Found matching bus [S-12N] at Depart at [07:00 PM]
[31/8/2026, 18:48:47]   🚙 Car: 19 min (19 min) | dist: 4.6 km | traffic: Good
[31/8/2026, 18:48:47]   🚌 Bus: 15 min (15 min) | dist: 4.6 km
[31/8/2026, 18:48:47]   🛵 Bike: 16 min (16 min) | dist: 4.6 km
[31/8/2026, 18:48:48] [31/40] Sealdah - Park Circus
[31/8/2026, 18:48:55]       📅 Adjusting Google Maps 'Depart at' to closest target slot: 07:00 PM
[31/8/2026, 18:48:57]       ✅ Found matching bus [DN-17  240 ] at Depart at [07:00 PM]
[31/8/2026, 18:49:06]   🚙 Car: 13 min (13 min) | dist: 2.9 km | traffic: Good
[31/8/2026, 18:49:06]   🚌 Bus: 18 min (18 min) | dist: 2.9 km
[31/8/2026, 18:49:06]   🛵 Bike: 11 min (11 min) | dist: 2.9 km
[31/8/2026, 18:49:06] [32/40] Park Circus - Science City
[31/8/2026, 18:49:14]       📅 Adjusting Google Maps 'Depart at' to closest target slot: 07:00 PM
[31/8/2026, 18:49:16]       ✅ Found matching bus [EB-14 ] at Depart at [07:00 PM]
[31/8/2026, 18:49:24]   🚙 Car: 9 min (9 min) | dist: 3.8 km | traffic: Good
[31/8/2026, 18:49:24]   🚌 Bus: 19 min (19 min) | dist: 3.8 km
[31/8/2026, 18:49:24]   🛵 Bike: 8 min (8 min) | dist: 3.8 km
[31/8/2026, 18:49:25] [33/40] Park Circus - Gariahat
[31/8/2026, 18:49:32]       📅 Adjusting Google Maps 'Depart at' to closest target slot: 07:00 PM
[31/8/2026, 18:49:34]       ✅ Found matching bus [45A] at Depart at [07:00 PM]
[31/8/2026, 18:49:42]   🚙 Car: 16 min (16 min) | dist: 2.7 km | traffic: Good
[31/8/2026, 18:49:42]   🚌 Bus: 9 min (9 min) | dist: 2.7 km
[31/8/2026, 18:49:42]   🛵 Bike: 14 min (14 min) | dist: 2.7 km
[31/8/2026, 18:49:43] [34/40] Gariahat - Ruby
[31/8/2026, 18:49:50]       📅 Adjusting Google Maps 'Depart at' to closest target slot: 07:00 PM
[31/8/2026, 18:49:52]       ✅ Found matching bus [Barasat - Botanical Garden] at Depart at [07:00 PM]
[31/8/2026, 18:50:00]   🚙 Car: 19 min (19 min) | dist: 4.1 km | traffic: High
[31/8/2026, 18:50:00]   🚌 Bus: 14 min (14 min) | dist: 4.1 km
[31/8/2026, 18:50:00]   🛵 Bike: 15 min (15 min) | dist: 4.1 km
[31/8/2026, 18:50:01] [35/40] Gariahat - Mallick Road
[31/8/2026, 18:50:08]       📅 Adjusting Google Maps 'Depart at' to closest target slot: 07:00 PM
[31/8/2026, 18:50:11]       ✅ Found matching bus [45] at Depart at [07:00 PM]
[31/8/2026, 18:50:19]   🚙 Car: 12 min (12 min) | dist: 2.0 km | traffic: Unknown
[31/8/2026, 18:50:19]   🚌 Bus: 7 min (7 min) | dist: 2.0 km
[31/8/2026, 18:50:19]   🛵 Bike: 10 min (10 min) | dist: 2.0 km
[31/8/2026, 18:50:20] [36/40] Jadavpur Police St. - Kalikapur
[31/8/2026, 18:50:27]       📅 Adjusting Google Maps 'Depart at' to closest target slot: 07:00 PM
[31/8/2026, 18:50:30]       ✅ Found matching bus [Cityflo] at Depart at [07:00 PM]
[31/8/2026, 18:50:37]   🚙 Car: 11 min (11 min) | dist: 3.5 km | traffic: Good
[31/8/2026, 18:50:37]   🚌 Bus: 11 min (11 min) | dist: 3.5 km
[31/8/2026, 18:50:37]   🛵 Bike: 10 min (10 min) | dist: 3.5 km
[31/8/2026, 18:50:38] [37/40] Mallick Road - Jadavpur Sulekha
[31/8/2026, 18:50:45]       📅 Adjusting Google Maps 'Depart at' to closest target slot: 07:00 PM
[31/8/2026, 18:50:48]       ✅ Found matching bus [S-31] at Depart at [07:00 PM]
[31/8/2026, 18:50:55]   🚙 Car: 5 min (5 min) | dist: 1.3 km | traffic: Good
[31/8/2026, 18:50:55]   🚌 Bus: 5 min (5 min) | dist: 1.3 km
[31/8/2026, 18:50:55]   🛵 Bike: 5 min (5 min) | dist: 1.3 km
[31/8/2026, 18:50:56] [38/40] Jadavpur Sulekha - Ajay Nagar
[31/8/2026, 18:51:04]       📅 Adjusting Google Maps 'Depart at' to closest target slot: 07:00 PM
[31/8/2026, 18:51:06]       ✅ Found matching bus [S-9] at Depart at [07:00 PM]
[31/8/2026, 18:51:14]   🚙 Car: 12 min (12 min) | dist: 3.1 km | traffic: Good
[31/8/2026, 18:51:14]   🚌 Bus: 10 min (10 min) | dist: 3.1 km
[31/8/2026, 18:51:14]   🛵 Bike: 11 min (11 min) | dist: 3.1 km
[31/8/2026, 18:51:15] [39/40] Jadavpur Sulekha - Bagha Jatin
[31/8/2026, 18:51:23]       📅 Adjusting Google Maps 'Depart at' to closest target slot: 07:00 PM
[31/8/2026, 18:51:25]       ✅ Found matching bus [S-5] at Depart at [07:00 PM]
[31/8/2026, 18:51:33]   🚙 Car: 5 min (5 min) | dist: 900 m | traffic: Good
[31/8/2026, 18:51:33]   🚌 Bus: 3 min (3 min) | dist: 900 m
[31/8/2026, 18:51:33]   🛵 Bike: 4 min (4 min) | dist: 900 m
[31/8/2026, 18:51:34] [40/40] Bagha Jatin - Baishnabghata
[31/8/2026, 18:51:41]       📅 Adjusting Google Maps 'Depart at' to closest target slot: 07:00 PM
[31/8/2026, 18:51:43]       ✅ Found matching bus [45] at Depart at [07:00 PM]
[31/8/2026, 18:51:51]   🚙 Car: 6 min (6 min) | dist: 1.4 km | traffic: Good
[31/8/2026, 18:51:51]   🚌 Bus: 5 min (5 min) | dist: 1.4 km
[31/8/2026, 18:51:51]   🛵 Bike: 5 min (5 min) | dist: 1.4 km
[31/8/2026, 18:51:52] 
Session complete! Saving to Excel...
[31/8/2026, 18:51:56] 📊 Excel saved (styled & formatted): /home/runner/work/kolkata-traffic-collection/kolkata-traffic-collection/output/Kolkata_Traffic_Data_2026-08-31.xlsx
[31/8/2026, 19:56:42] 
════════════════════════════════════════════════════════════
[31/8/2026, 19:56:42] STARTING FETCH SESSION: manual
[31/8/2026, 19:56:42] Time (IST): 31/8/2026, 19:56:42
[31/8/2026, 19:56:42] Routes: 40
[31/8/2026, 19:56:42] ════════════════════════════════════════════════════════════
[31/8/2026, 19:56:43] [1/40] DH Road
[31/8/2026, 19:56:50]       📅 Adjusting Google Maps 'Depart at' to closest target slot: 07:00 PM
[31/8/2026, 19:56:52]       ✅ Found matching bus [AC-52] at Depart at [07:00 PM]
[31/8/2026, 19:57:00]   🚙 Car: 1 hr 13 min (73 min) | dist: 19.7 km | traffic: Unknown
[31/8/2026, 19:57:00]   🚌 Bus: 1 hr 9 min (69 min) | dist: 19.7 km
[31/8/2026, 19:57:00]   🛵 Bike: 1 hr 4 min (64 min) | dist: 19.7 km
[31/8/2026, 19:57:01] [2/40] B T Road
[31/8/2026, 19:57:08]       📅 Adjusting Google Maps 'Depart at' to closest target slot: 07:00 PM
[31/8/2026, 19:57:10]       ✅ Found matching bus [S-185] at Depart at [07:00 PM]
[31/8/2026, 19:57:18]   🚙 Car: 27 min (27 min) | dist: 6.0 km | traffic: Good
[31/8/2026, 19:57:18]   🚌 Bus: 21 min (21 min) | dist: 6.0 km
[31/8/2026, 19:57:18]   🛵 Bike: 25 min (25 min) | dist: 6.0 km
[31/8/2026, 19:57:19] [3/40] B T Road
[31/8/2026, 19:57:26]       📅 Adjusting Google Maps 'Depart at' to closest target slot: 07:00 PM
[31/8/2026, 19:57:28]       ✅ Found matching bus [Barrackpore Chiriamore - Salap More] at Depart at [07:00 PM]
[31/8/2026, 19:57:35]   🚙 Car: 31 min (31 min) | dist: 12.3 km | traffic: Unknown
[31/8/2026, 19:57:35]   🚌 Bus: 43 min (43 min) | dist: 12.3 km
[31/8/2026, 19:57:35]   🛵 Bike: 30 min (30 min) | dist: 12.3 km
[31/8/2026, 19:57:36] [4/40] VIP Road
[31/8/2026, 19:57:44]       📅 Adjusting Google Maps 'Depart at' to closest target slot: 07:00 PM
[31/8/2026, 19:57:46]       ✅ Found matching bus [L238] at Depart at [07:00 PM]
[31/8/2026, 19:57:54]   🚙 Car: 51 min (51 min) | dist: 13.8 km | traffic: Unknown
[31/8/2026, 19:57:54]   🚌 Bus: 32 min (32 min) | dist: 13.8 km
[31/8/2026, 19:57:54]   🛵 Bike: 43 min (43 min) | dist: 13.8 km
[31/8/2026, 19:57:55] [5/40] Jessore Road
[31/8/2026, 19:58:03]       📅 Adjusting Google Maps 'Depart at' to closest target slot: 07:00 PM
[31/8/2026, 19:58:05]       ✅ Found matching bus [79B] at Depart at [07:00 PM]
[31/8/2026, 19:58:13]   🚙 Car: 36 min (36 min) | dist: 11.3 km | traffic: Unknown
[31/8/2026, 19:58:13]   🚌 Bus: 38 min (38 min) | dist: 11.3 km
[31/8/2026, 19:58:13]   🛵 Bike: 34 min (34 min) | dist: 11.3 km
[31/8/2026, 19:58:14] [6/40] Airport Road
[31/8/2026, 19:58:21]       📅 Adjusting Google Maps 'Depart at' to closest target slot: 07:00 PM
[31/8/2026, 19:58:23]       ✅ Found matching bus [DN-9/1] at Depart at [07:00 PM]
[31/8/2026, 19:58:31]   🚙 Car: 19 min (19 min) | dist: 4.8 km | traffic: Unknown
[31/8/2026, 19:58:31]   🚌 Bus: 17 min (17 min) | dist: 4.8 km
[31/8/2026, 19:58:31]   🛵 Bike: 17 min (17 min) | dist: 4.8 km
[31/8/2026, 19:58:32] [7/40] APC Bose Rd
[31/8/2026, 19:58:39]       📅 Adjusting Google Maps 'Depart at' to closest target slot: 07:00 PM
[31/8/2026, 19:58:42]       ✅ Found matching bus [230] at Depart at [07:00 PM]
[31/8/2026, 19:58:50]   🚙 Car: 34 min (34 min) | dist: 8.2 km | traffic: Good
[31/8/2026, 19:58:50]   🚌 Bus: 28 min (28 min) | dist: 8.2 km
[31/8/2026, 19:58:50]   🛵 Bike: 31 min (31 min) | dist: 8.2 km
[31/8/2026, 19:58:51] [8/40] Bidhan Sarani
[31/8/2026, 19:58:58]       📅 Adjusting Google Maps 'Depart at' to closest target slot: 07:00 PM
[31/8/2026, 19:59:02]       ✅ Found active bus route [234/147B78214AS-11N] (Live Transit Timetable)
[31/8/2026, 19:59:10]   🚙 Car: 30 min (30 min) | dist: 6.0 km | traffic: Unknown
[31/8/2026, 19:59:10]   🚌 Bus: 21 min (21 min) | dist: 6.0 km
[31/8/2026, 19:59:10]   🛵 Bike: 27 min (27 min) | dist: 6.0 km
[31/8/2026, 19:59:11] [9/40] Central Avenue (C R Avenue)
[31/8/2026, 19:59:18]       📅 Adjusting Google Maps 'Depart at' to closest target slot: 07:00 PM
[31/8/2026, 19:59:20]       ✅ Found matching bus [214A] at Depart at [07:00 PM]
[31/8/2026, 19:59:29]   🚙 Car: 21 min (21 min) | dist: 5.0 km | traffic: Good
[31/8/2026, 19:59:29]   🚌 Bus: 17 min (17 min) | dist: 5.0 km
[31/8/2026, 19:59:29]   🛵 Bike: 19 min (19 min) | dist: 5.0 km
[31/8/2026, 19:59:30] [10/40] S N Banerjee Road
[31/8/2026, 19:59:37]       📅 Adjusting Google Maps 'Depart at' to closest target slot: 07:00 PM
[31/8/2026, 19:59:40]       ✅ Found matching bus [S-12N] at Depart at [07:00 PM]
[31/8/2026, 19:59:47]   🚙 Car: 10 min (10 min) | dist: 2.3 km | traffic: Good
[31/8/2026, 19:59:47]   🚌 Bus: 7 min (7 min) | dist: 2.3 km
[31/8/2026, 19:59:47]   🛵 Bike: 9 min (9 min) | dist: 2.3 km
[31/8/2026, 19:59:48] [11/40] M G Road
[31/8/2026, 19:59:55]       📅 Adjusting Google Maps 'Depart at' to closest target slot: 07:00 PM
[31/8/2026, 19:59:58]       ✅ Found matching bus [24] at Depart at [07:00 PM]
[31/8/2026, 20:00:06]   🚙 Car: 30 min (30 min) | dist: 4.2 km | traffic: Unknown
[31/8/2026, 20:00:06]   🚌 Bus: 13 min (13 min) | dist: 4.2 km
[31/8/2026, 20:00:06]   🛵 Bike: 23 min (23 min) | dist: 4.2 km
[31/8/2026, 20:00:07] [12/40] C I T Road
[31/8/2026, 20:00:14]       📅 Adjusting Google Maps 'Depart at' to closest target slot: 07:00 PM
[31/8/2026, 20:00:16]       ✅ Found matching bus [240] at Depart at [07:00 PM]
[31/8/2026, 20:00:24]   🚙 Car: 15 min (15 min) | dist: 2.6 km | traffic: Good
[31/8/2026, 20:00:24]   🚌 Bus: 8 min (8 min) | dist: 2.6 km
[31/8/2026, 20:00:24]   🛵 Bike: 11 min (11 min) | dist: 2.6 km
[31/8/2026, 20:00:25] [13/40] Sarat Bose Road
[31/8/2026, 20:00:32]       📅 Adjusting Google Maps 'Depart at' to closest target slot: 07:00 PM
[31/8/2026, 20:00:35]       ✅ Found matching bus [221] at Depart at [07:00 PM]
[31/8/2026, 20:00:42]   🚙 Car: 18 min (18 min) | dist: 3.8 km | traffic: Good
[31/8/2026, 20:00:42]   🚌 Bus: 13 min (13 min) | dist: 3.8 km
[31/8/2026, 20:00:42]   🛵 Bike: 16 min (16 min) | dist: 3.8 km
[31/8/2026, 20:00:43] [14/40] S P Mukherjee Road
[31/8/2026, 20:00:51]       📅 Adjusting Google Maps 'Depart at' to closest target slot: 07:00 PM
[31/8/2026, 20:00:53]       ✅ Found matching bus [222  S-112] at Depart at [07:00 PM]
[31/8/2026, 20:01:01]   🚙 Car: 1 hr 11 min (71 min) | dist: 16.2 km | traffic: Unknown
[31/8/2026, 20:01:01]   🚌 Bus: 1 hr (60 min) | dist: 16.2 km
[31/8/2026, 20:01:01]   🛵 Bike: 1 hr 3 min (63 min) | dist: 16.2 km
[31/8/2026, 20:01:01] [15/40] Hazra Road / S P Mukherjee Road connector
[31/8/2026, 20:01:09]       📅 Adjusting Google Maps 'Depart at' to closest target slot: 07:00 PM
[31/8/2026, 20:01:12]       ✅ Found matching bus [42A  18C] at Depart at [07:00 PM]
[31/8/2026, 20:01:19]   🚙 Car: 25 min (25 min) | dist: 4.6 km | traffic: Unknown
[31/8/2026, 20:01:19]   🚌 Bus: 19 min (19 min) | dist: 4.6 km
[31/8/2026, 20:01:19]   🛵 Bike: 21 min (21 min) | dist: 4.6 km
[31/8/2026, 20:01:20] [16/40] Gariahat Road / Rashbehari Avenue
[31/8/2026, 20:01:27]       📅 Adjusting Google Maps 'Depart at' to closest target slot: 07:00 PM
[31/8/2026, 20:01:30]       ✅ Found matching bus [M-14] at Depart at [07:00 PM]
[31/8/2026, 20:01:38]   🚙 Car: 14 min (14 min) | dist: 2.9 km | traffic: Unknown
[31/8/2026, 20:01:38]   🚌 Bus: 10 min (10 min) | dist: 2.9 km
[31/8/2026, 20:01:38]   🛵 Bike: 13 min (13 min) | dist: 2.9 km
[31/8/2026, 20:01:38] [17/40] Chetla Road
[31/8/2026, 20:01:45]       📅 Adjusting Google Maps 'Depart at' to closest target slot: 07:00 PM
[31/8/2026, 20:01:48]       ✅ Found matching bus [S-22] at Depart at [07:00 PM]
[31/8/2026, 20:01:56]   🚙 Car: 14 min (14 min) | dist: 2.8 km | traffic: Good
[31/8/2026, 20:01:56]   🚌 Bus: 9 min (9 min) | dist: 2.8 km
[31/8/2026, 20:01:56]   🛵 Bike: 12 min (12 min) | dist: 2.8 km
[31/8/2026, 20:01:57] [18/40] Tollygunge - Taratala Road
[31/8/2026, 20:02:05]       📅 Adjusting Google Maps 'Depart at' to closest target slot: 07:00 PM
[31/8/2026, 20:02:08]       ✅ Found matching bus [SD5] at Depart at [07:00 PM]
[31/8/2026, 20:02:15]   🚙 Car: 19 min (19 min) | dist: 3.9 km | traffic: Unknown
[31/8/2026, 20:02:15]   🚌 Bus: 13 min (13 min) | dist: 3.9 km
[31/8/2026, 20:02:15]   🛵 Bike: 17 min (17 min) | dist: 3.9 km
[31/8/2026, 20:02:16] [19/40] Prince Anwar Shah Rd
[31/8/2026, 20:02:23]       📅 Adjusting Google Maps 'Depart at' to closest target slot: 07:00 PM
[31/8/2026, 20:02:26]       ✅ Found matching bus [ST-6] at Depart at [07:00 PM]
[31/8/2026, 20:02:34]   🚙 Car: 29 min (29 min) | dist: 6.9 km | traffic: Unknown
[31/8/2026, 20:02:34]   🚌 Bus: 24 min (24 min) | dist: 6.9 km
[31/8/2026, 20:02:34]   🛵 Bike: 26 min (26 min) | dist: 6.9 km
[31/8/2026, 20:02:35] [20/40] Karunamoyee Road
[31/8/2026, 20:02:42]       📅 Adjusting Google Maps 'Depart at' to closest target slot: 07:00 PM
[31/8/2026, 20:02:45]       ✅ Found matching bus [S-9] at Depart at [07:00 PM]
[31/8/2026, 20:02:52]   🚙 Car: 11 min (11 min) | dist: 3.3 km | traffic: Good
[31/8/2026, 20:02:52]   🚌 Bus: 10 min (10 min) | dist: 3.3 km
[31/8/2026, 20:02:52]   🛵 Bike: 10 min (10 min) | dist: 3.3 km
[31/8/2026, 20:02:53] [21/40] Canal South Road
[31/8/2026, 20:03:00]       📅 Adjusting Google Maps 'Depart at' to closest target slot: 07:00 PM
[31/8/2026, 20:03:03]       ✅ Found matching bus [S-22] at Depart at [07:00 PM]
[31/8/2026, 20:03:11]   🚙 Car: 18 min (18 min) | dist: 5.5 km | traffic: Unknown
[31/8/2026, 20:03:11]   🚌 Bus: 15 min (15 min) | dist: 5.5 km
[31/8/2026, 20:03:11]   🛵 Bike: 17 min (17 min) | dist: 5.5 km
[31/8/2026, 20:03:12] [22/40] VIP Road connector
[31/8/2026, 20:03:19]       📅 Adjusting Google Maps 'Depart at' to closest target slot: 07:00 PM
[31/8/2026, 20:03:22]       ✅ Found matching bus [Berachampa - Karunamoyee] at Depart at [07:00 PM]
[31/8/2026, 20:03:30]   🚙 Car: 20 min (20 min) | dist: 4.1 km | traffic: Good
[31/8/2026, 20:03:30]   🚌 Bus: 13 min (13 min) | dist: 4.1 km
[31/8/2026, 20:03:30]   🛵 Bike: 19 min (19 min) | dist: 4.1 km
[31/8/2026, 20:03:30] [23/40] Baishnabghata-Patuli
[31/8/2026, 20:03:38]       📅 Adjusting Google Maps 'Depart at' to closest target slot: 07:00 PM
[31/8/2026, 20:03:41]       ✅ Found matching bus [Kamal Gazi Bypass - Dankuni Housing] at Depart at [07:00 PM]
[31/8/2026, 20:03:48]   🚙 Car: 7 min (7 min) | dist: 1.4 km | traffic: Good
[31/8/2026, 20:03:48]   🚌 Bus: 4 min (4 min) | dist: 1.4 km
[31/8/2026, 20:03:48]   🛵 Bike: 6 min (6 min) | dist: 1.4 km
[31/8/2026, 20:03:49] [24/40] Patuli - Highland Park
[31/8/2026, 20:03:56]       📅 Adjusting Google Maps 'Depart at' to closest target slot: 07:00 PM
[31/8/2026, 20:03:59]       ✅ Found matching bus [AC-24A] at Depart at [07:00 PM]
[31/8/2026, 20:04:06]   🚙 Car: 3 min (3 min) | dist: 1.3 km | traffic: Good
[31/8/2026, 20:04:06]   🚌 Bus: 4 min (4 min) | dist: 1.3 km
[31/8/2026, 20:04:06]   🛵 Bike: 2 min (2 min) | dist: 1.3 km
[31/8/2026, 20:04:07] [25/40] Highland Park - Ajaynagar
[31/8/2026, 20:04:14]       📅 Adjusting Google Maps 'Depart at' to closest target slot: 07:00 PM
[31/8/2026, 20:04:16]       ✅ Found matching bus [AC-24A] at Depart at [07:00 PM]
[31/8/2026, 20:04:24]   🚙 Car: 2 min (2 min) | dist: 850 m | traffic: Good
[31/8/2026, 20:04:24]   🚌 Bus: 3 min (3 min) | dist: 850 m
[31/8/2026, 20:04:24]   🛵 Bike: 2 min (2 min) | dist: 850 m
[31/8/2026, 20:04:25] [26/40] Ajaynagar - Kalikapur
[31/8/2026, 20:04:32]       📅 Adjusting Google Maps 'Depart at' to closest target slot: 07:00 PM
[31/8/2026, 20:04:35]       ✅ Found matching bus [S-21] at Depart at [07:00 PM]
[31/8/2026, 20:04:43]   🚙 Car: 4 min (4 min) | dist: 1.7 km | traffic: Good
[31/8/2026, 20:04:43]   🚌 Bus: 6 min (6 min) | dist: 1.7 km
[31/8/2026, 20:04:43]   🛵 Bike: 4 min (4 min) | dist: 1.7 km
[31/8/2026, 20:04:44] [27/40] Kalikapur - Ruby
[31/8/2026, 20:04:51]       📅 Adjusting Google Maps 'Depart at' to closest target slot: 07:00 PM
[31/8/2026, 20:04:53]       ✅ Found matching bus [Barasat - Baruipur] at Depart at [07:00 PM]
[31/8/2026, 20:05:01]   🚙 Car: 4 min (4 min) | dist: 1.2 km | traffic: Good
[31/8/2026, 20:05:01]   🚌 Bus: 4 min (4 min) | dist: 1.2 km
[31/8/2026, 20:05:01]   🛵 Bike: 4 min (4 min) | dist: 1.2 km
[31/8/2026, 20:05:02] [28/40] Ruby - Science City
[31/8/2026, 20:05:09]       📅 Adjusting Google Maps 'Depart at' to closest target slot: 07:00 PM
[31/8/2026, 20:05:11]       ✅ Found matching bus [Garia No. 6 - Ultadanga] at Depart at [07:00 PM]
[31/8/2026, 20:05:19]   🚙 Car: 9 min (9 min) | dist: 4.0 km | traffic: Good
[31/8/2026, 20:05:19]   🚌 Bus: 14 min (14 min) | dist: 4.0 km
[31/8/2026, 20:05:19]   🛵 Bike: 8 min (8 min) | dist: 4.0 km
[31/8/2026, 20:05:20] [29/40] Science City - Chingrighata
[31/8/2026, 20:05:27]       📅 Adjusting Google Maps 'Depart at' to closest target slot: 07:00 PM
[31/8/2026, 20:05:30]       ✅ Found matching bus [Ecospace Amity University - Andul Station Road] at Depart at [07:00 PM]
[31/8/2026, 20:05:37]   🚙 Car: 5 min (5 min) | dist: 1.8 km | traffic: Unknown
[31/8/2026, 20:05:37]   🚌 Bus: 5 min (5 min) | dist: 1.8 km
[31/8/2026, 20:05:37]   🛵 Bike: 4 min (4 min) | dist: 1.8 km
[31/8/2026, 20:05:38] [30/40] Chingrighata - Sealdah
[31/8/2026, 20:05:45]       📅 Adjusting Google Maps 'Depart at' to closest target slot: 07:00 PM
[31/8/2026, 20:05:48]       ✅ Found matching bus [S-12N] at Depart at [07:00 PM]
[31/8/2026, 20:05:56]   🚙 Car: 18 min (18 min) | dist: 4.6 km | traffic: Good
[31/8/2026, 20:05:56]   🚌 Bus: 15 min (15 min) | dist: 4.6 km
[31/8/2026, 20:05:56]   🛵 Bike: 17 min (17 min) | dist: 4.6 km
[31/8/2026, 20:05:56] [31/40] Sealdah - Park Circus
[31/8/2026, 20:06:04]       📅 Adjusting Google Maps 'Depart at' to closest target slot: 07:00 PM
[31/8/2026, 20:06:06]       ✅ Found matching bus [DN-17  240 ] at Depart at [07:00 PM]
[31/8/2026, 20:06:13]   🚙 Car: 11 min (11 min) | dist: 2.9 km | traffic: Good
[31/8/2026, 20:06:13]   🚌 Bus: 18 min (18 min) | dist: 2.9 km
[31/8/2026, 20:06:13]   🛵 Bike: 10 min (10 min) | dist: 2.9 km
[31/8/2026, 20:06:14] [32/40] Park Circus - Science City
[31/8/2026, 20:06:22]       📅 Adjusting Google Maps 'Depart at' to closest target slot: 07:00 PM
[31/8/2026, 20:06:24]       ✅ Found matching bus [EB-14 ] at Depart at [07:00 PM]
[31/8/2026, 20:06:32]   🚙 Car: 7 min (7 min) | dist: 3.8 km | traffic: Good
[31/8/2026, 20:06:32]   🚌 Bus: 19 min (19 min) | dist: 3.8 km
[31/8/2026, 20:06:32]   🛵 Bike: 7 min (7 min) | dist: 3.8 km
[31/8/2026, 20:06:33] [33/40] Park Circus - Gariahat
[31/8/2026, 20:06:40]       📅 Adjusting Google Maps 'Depart at' to closest target slot: 07:00 PM
[31/8/2026, 20:06:42]       ✅ Found matching bus [45A] at Depart at [07:00 PM]
[31/8/2026, 20:06:50]   🚙 Car: 12 min (12 min) | dist: 2.7 km | traffic: Good
[31/8/2026, 20:06:50]   🚌 Bus: 9 min (9 min) | dist: 2.7 km
[31/8/2026, 20:06:50]   🛵 Bike: 11 min (11 min) | dist: 2.7 km
[31/8/2026, 20:06:51] [34/40] Gariahat - Ruby
[31/8/2026, 20:06:58]       📅 Adjusting Google Maps 'Depart at' to closest target slot: 07:00 PM
[31/8/2026, 20:07:01]       ✅ Found matching bus [Barasat - Botanical Garden] at Depart at [07:00 PM]
[31/8/2026, 20:07:09]   🚙 Car: 18 min (18 min) | dist: 4.1 km | traffic: High
[31/8/2026, 20:07:09]   🚌 Bus: 14 min (14 min) | dist: 4.1 km
[31/8/2026, 20:07:09]   🛵 Bike: 15 min (15 min) | dist: 4.1 km
[31/8/2026, 20:07:09] [35/40] Gariahat - Mallick Road
[31/8/2026, 20:07:16]       📅 Adjusting Google Maps 'Depart at' to closest target slot: 07:00 PM
[31/8/2026, 20:07:19]       ✅ Found matching bus [45] at Depart at [07:00 PM]
[31/8/2026, 20:07:27]   🚙 Car: 8 min (8 min) | dist: 2.0 km | traffic: Good
[31/8/2026, 20:07:27]   🚌 Bus: 7 min (7 min) | dist: 2.0 km
[31/8/2026, 20:07:27]   🛵 Bike: 8 min (8 min) | dist: 2.0 km
[31/8/2026, 20:07:28] [36/40] Jadavpur Police St. - Kalikapur
[31/8/2026, 20:07:35]       📅 Adjusting Google Maps 'Depart at' to closest target slot: 07:00 PM
[31/8/2026, 20:07:38]       ✅ Found matching bus [Cityflo] at Depart at [07:00 PM]
[31/8/2026, 20:07:45]   🚙 Car: 12 min (12 min) | dist: 3.5 km | traffic: Good
[31/8/2026, 20:07:45]   🚌 Bus: 11 min (11 min) | dist: 3.5 km
[31/8/2026, 20:07:45]   🛵 Bike: 11 min (11 min) | dist: 3.5 km
[31/8/2026, 20:07:46] [37/40] Mallick Road - Jadavpur Sulekha
[31/8/2026, 20:07:53]       📅 Adjusting Google Maps 'Depart at' to closest target slot: 07:00 PM
[31/8/2026, 20:07:55]       ✅ Found matching bus [S-31] at Depart at [07:00 PM]
[31/8/2026, 20:08:03]   🚙 Car: 6 min (6 min) | dist: 1.3 km | traffic: Good
[31/8/2026, 20:08:03]   🚌 Bus: 5 min (5 min) | dist: 1.3 km
[31/8/2026, 20:08:03]   🛵 Bike: 5 min (5 min) | dist: 1.3 km
[31/8/2026, 20:08:04] [38/40] Jadavpur Sulekha - Ajay Nagar
[31/8/2026, 20:08:11]       📅 Adjusting Google Maps 'Depart at' to closest target slot: 07:00 PM
[31/8/2026, 20:08:14]       ✅ Found matching bus [S-9] at Depart at [07:00 PM]
[31/8/2026, 20:08:22]   🚙 Car: 11 min (11 min) | dist: 3.1 km | traffic: Good
[31/8/2026, 20:08:22]   🚌 Bus: 10 min (10 min) | dist: 3.1 km
[31/8/2026, 20:08:22]   🛵 Bike: 10 min (10 min) | dist: 3.1 km
[31/8/2026, 20:08:23] [39/40] Jadavpur Sulekha - Bagha Jatin
[31/8/2026, 20:08:30]       📅 Adjusting Google Maps 'Depart at' to closest target slot: 07:00 PM
[31/8/2026, 20:08:33]       ✅ Found active bus route [S-10113C45BAC-5S-135] (Live Transit Timetable)
[31/8/2026, 20:08:41]   🚙 Car: 4 min (4 min) | dist: 900 m | traffic: Good
[31/8/2026, 20:08:41]   🚌 Bus: 4 min (4 min) | dist: 900 m
[31/8/2026, 20:08:41]   🛵 Bike: 4 min (4 min) | dist: 900 m
[31/8/2026, 20:08:42] [40/40] Bagha Jatin - Baishnabghata
[31/8/2026, 20:08:51]       📅 Adjusting Google Maps 'Depart at' to closest target slot: 07:00 PM
[31/8/2026, 20:08:53]       ✅ Found matching bus [45] at Depart at [07:00 PM]
[31/8/2026, 20:09:01]   🚙 Car: 7 min (7 min) | dist: 1.4 km | traffic: Good
[31/8/2026, 20:09:01]   🚌 Bus: 5 min (5 min) | dist: 1.4 km
[31/8/2026, 20:09:01]   🛵 Bike: 6 min (6 min) | dist: 1.4 km
[31/8/2026, 20:09:01] 
Session complete! Saving to Excel...
[31/8/2026, 20:09:07] 📊 Excel saved (styled & formatted): /home/runner/work/kolkata-traffic-collection/kolkata-traffic-collection/output/Kolkata_Traffic_Data_2026-08-31.xlsx
[1/9/2026, 01:03:23] 
════════════════════════════════════════════════════════════
[1/9/2026, 01:03:23] STARTING FETCH SESSION: manual
[1/9/2026, 01:03:23] Time (IST): 1/9/2026, 01:03:23
[1/9/2026, 01:03:23] Routes: 40
[1/9/2026, 01:03:23] ════════════════════════════════════════════════════════════
[1/9/2026, 01:03:24] [1/40] DH Road
[1/9/2026, 01:03:31]       📅 Adjusting Google Maps 'Depart at' to closest target slot: 12:00 AM
[1/9/2026, 01:03:34]       ✅ Found matching bus [AC-52] at Depart at [12:00 AM]
[1/9/2026, 01:03:42]   🚙 Car: 48 min (48 min) | dist: 19.7 km | traffic: Unknown
[1/9/2026, 01:03:42]   🚌 Bus: 1 hr 9 min (69 min) | dist: 19.7 km
[1/9/2026, 01:03:42]   🛵 Bike: 45 min (45 min) | dist: 19.7 km
[1/9/2026, 01:03:42] [2/40] B T Road
[1/9/2026, 01:03:50]       📅 Adjusting Google Maps 'Depart at' to closest target slot: 12:00 AM
[1/9/2026, 01:03:52]       ✅ Found matching bus [78] at Depart at [12:00 AM]
[1/9/2026, 01:04:00]   🚙 Car: 12 min (12 min) | dist: 6.0 km | traffic: Good
[1/9/2026, 01:04:00]   🚌 Bus: 21 min (21 min) | dist: 6.0 km
[1/9/2026, 01:04:00]   🛵 Bike: 11 min (11 min) | dist: 6.0 km
[1/9/2026, 01:04:01] [3/40] B T Road
[1/9/2026, 01:04:08]       📅 Adjusting Google Maps 'Depart at' to closest target slot: 12:00 AM
[1/9/2026, 01:04:10]       ✅ Found matching bus [78] at Depart at [12:00 AM]
[1/9/2026, 01:04:18]   🚙 Car: 18 min (18 min) | dist: 12.3 km | traffic: Good
[1/9/2026, 01:04:18]   🚌 Bus: 43 min (43 min) | dist: 12.3 km
[1/9/2026, 01:04:18]   🛵 Bike: 19 min (19 min) | dist: 12.3 km
[1/9/2026, 01:04:19] [4/40] VIP Road
[1/9/2026, 01:04:26]       📅 Adjusting Google Maps 'Depart at' to closest target slot: 12:00 AM
[1/9/2026, 01:04:29]       ✅ Found matching bus [217 ] at Depart at [12:00 AM]
[1/9/2026, 01:04:37]   🚙 Car: 24 min (24 min) | dist: 14.9 km | traffic: Unknown
[1/9/2026, 01:04:37]   🚌 Bus: 40 min (40 min) | dist: 14.9 km
[1/9/2026, 01:04:37]   🛵 Bike: 25 min (25 min) | dist: 14.9 km
[1/9/2026, 01:04:38] [5/40] Jessore Road
[1/9/2026, 01:04:45]       📅 Adjusting Google Maps 'Depart at' to closest target slot: 12:00 AM
[1/9/2026, 01:04:48]       ✅ Found matching bus [C-8] at Depart at [12:00 AM]
[1/9/2026, 01:04:56]   🚙 Car: 22 min (22 min) | dist: 11.3 km | traffic: Good
[1/9/2026, 01:04:56]   🚌 Bus: 39 min (39 min) | dist: 11.3 km
[1/9/2026, 01:04:56]   🛵 Bike: 23 min (23 min) | dist: 11.3 km
[1/9/2026, 01:04:56] [6/40] Airport Road
[1/9/2026, 01:05:04]       📅 Adjusting Google Maps 'Depart at' to closest target slot: 12:00 AM
[1/9/2026, 01:05:07]       ✅ Found matching bus [79D  30B] at Depart at [12:00 AM]
[1/9/2026, 01:05:15]   🚙 Car: 9 min (9 min) | dist: 4.8 km | traffic: Good
[1/9/2026, 01:05:15]   🚌 Bus: 1 hr 47 min (107 min) | dist: 4.8 km
[1/9/2026, 01:05:15]   🛵 Bike: 9 min (9 min) | dist: 4.8 km
[1/9/2026, 01:05:16] [7/40] APC Bose Rd
[1/9/2026, 01:05:23]       📅 Adjusting Google Maps 'Depart at' to closest target slot: 12:00 AM
[1/9/2026, 01:05:26]       ✅ Found matching bus [227] at Depart at [12:00 AM]
[1/9/2026, 01:05:34]   🚙 Car: 24 min (24 min) | dist: 8.2 km | traffic: Good
[1/9/2026, 01:05:34]   🚌 Bus: 29 min (29 min) | dist: 8.2 km
[1/9/2026, 01:05:34]   🛵 Bike: 22 min (22 min) | dist: 8.2 km
[1/9/2026, 01:05:35] [8/40] Bidhan Sarani
[1/9/2026, 01:05:43]       📅 Adjusting Google Maps 'Depart at' to closest target slot: 12:00 AM
[1/9/2026, 01:05:45]       ✅ Found matching bus [34B] at Depart at [12:00 AM]
[1/9/2026, 01:05:53]   🚙 Car: 14 min (14 min) | dist: 6.0 km | traffic: Good
[1/9/2026, 01:05:53]   🚌 Bus: 22 min (22 min) | dist: 6.0 km
[1/9/2026, 01:05:53]   🛵 Bike: 15 min (15 min) | dist: 6.0 km
[1/9/2026, 01:05:53] [9/40] Central Avenue (C R Avenue)
[1/9/2026, 01:06:01]       📅 Adjusting Google Maps 'Depart at' to closest target slot: 12:00 AM
[1/9/2026, 01:06:03]       ✅ Found matching bus [ 34B] at Depart at [12:00 AM]
[1/9/2026, 01:06:11]   🚙 Car: 13 min (13 min) | dist: 5.0 km | traffic: Good
[1/9/2026, 01:06:11]   🚌 Bus: 24 min (24 min) | dist: 5.0 km
[1/9/2026, 01:06:11]   🛵 Bike: 13 min (13 min) | dist: 5.0 km
[1/9/2026, 01:06:12] [10/40] S N Banerjee Road
[1/9/2026, 01:06:20]       📅 Adjusting Google Maps 'Depart at' to closest target slot: 12:00 AM
[1/9/2026, 01:06:22]       ✅ Found matching bus [S-12N] at Depart at [12:00 AM]
[1/9/2026, 01:06:30]   🚙 Car: 6 min (6 min) | dist: 2.3 km | traffic: Good
[1/9/2026, 01:06:30]   🚌 Bus: 7 min (7 min) | dist: 2.3 km
[1/9/2026, 01:06:30]   🛵 Bike: 5 min (5 min) | dist: 2.3 km
[1/9/2026, 01:06:31] [11/40] M G Road
[1/9/2026, 01:06:39]       📅 Adjusting Google Maps 'Depart at' to closest target slot: 12:00 AM
[1/9/2026, 01:06:41]       ✅ Found matching bus [28] at Depart at [12:00 AM]
[1/9/2026, 01:06:50]   🚙 Car: 10 min (10 min) | dist: 4.2 km | traffic: Unknown
[1/9/2026, 01:06:50]   🚌 Bus: 13 min (13 min) | dist: 4.2 km
[1/9/2026, 01:06:50]   🛵 Bike: 11 min (11 min) | dist: 4.2 km
[1/9/2026, 01:06:51] [12/40] C I T Road
[1/9/2026, 01:06:58]       📅 Adjusting Google Maps 'Depart at' to closest target slot: 12:00 AM
[1/9/2026, 01:07:00]       ✅ Found matching bus [45] at Depart at [12:00 AM]
[1/9/2026, 01:07:08]   🚙 Car: 6 min (6 min) | dist: 2.6 km | traffic: Good
[1/9/2026, 01:07:08]   🚌 Bus: 9 min (9 min) | dist: 2.6 km
[1/9/2026, 01:07:08]   🛵 Bike: 6 min (6 min) | dist: 2.6 km
[1/9/2026, 01:07:09] [13/40] Sarat Bose Road
[1/9/2026, 01:07:17]       📅 Adjusting Google Maps 'Depart at' to closest target slot: 12:00 AM
[1/9/2026, 01:07:19]       ✅ Found matching bus [221] at Depart at [12:00 AM]
[1/9/2026, 01:07:28]   🚙 Car: 9 min (9 min) | dist: 3.8 km | traffic: Good
[1/9/2026, 01:07:28]   🚌 Bus: 13 min (13 min) | dist: 3.8 km
[1/9/2026, 01:07:28]   🛵 Bike: 9 min (9 min) | dist: 3.8 km
[1/9/2026, 01:07:28] [14/40] S P Mukherjee Road
[1/9/2026, 01:07:36]       📅 Adjusting Google Maps 'Depart at' to closest target slot: 12:00 AM
[1/9/2026, 01:07:39]       ✅ Found matching bus [46B  45] at Depart at [12:00 AM]
[1/9/2026, 01:07:47]   🚙 Car: 37 min (37 min) | dist: 15.6 km | traffic: Good
[1/9/2026, 01:07:47]   🚌 Bus: 1 hr 5 min (65 min) | dist: 15.6 km
[1/9/2026, 01:07:47]   🛵 Bike: 36 min (36 min) | dist: 15.6 km
[1/9/2026, 01:07:48] [15/40] Hazra Road / S P Mukherjee Road connector
[1/9/2026, 01:07:55]       📅 Adjusting Google Maps 'Depart at' to closest target slot: 12:00 AM
[1/9/2026, 01:07:58]       ✅ Found matching bus [42A ] at Depart at [12:00 AM]
[1/9/2026, 01:08:06]   🚙 Car: 14 min (14 min) | dist: 4.6 km | traffic: Unknown
[1/9/2026, 01:08:06]   🚌 Bus: 28 min (28 min) | dist: 4.6 km
[1/9/2026, 01:08:06]   🛵 Bike: 12 min (12 min) | dist: 4.6 km
[1/9/2026, 01:08:07] [16/40] Gariahat Road / Rashbehari Avenue
[1/9/2026, 01:08:14]       📅 Adjusting Google Maps 'Depart at' to closest target slot: 12:00 AM
[1/9/2026, 01:08:17]       ✅ Found matching bus [1 ] at Depart at [12:00 AM]
[1/9/2026, 01:08:25]   🚙 Car: 7 min (7 min) | dist: 2.9 km | traffic: Good
[1/9/2026, 01:08:25]   🚌 Bus: 21 min (21 min) | dist: 2.9 km
[1/9/2026, 01:08:25]   🛵 Bike: 7 min (7 min) | dist: 2.9 km
[1/9/2026, 01:08:26] [17/40] Chetla Road
[1/9/2026, 01:08:33]       📅 Adjusting Google Maps 'Depart at' to closest target slot: 12:00 AM
[1/9/2026, 01:08:36]       ✅ Found matching bus [ 18C] at Depart at [12:00 AM]
[1/9/2026, 01:08:44]   🚙 Car: 7 min (7 min) | dist: 2.8 km | traffic: Good
[1/9/2026, 01:08:44]   🚌 Bus: 21 min (21 min) | dist: 2.8 km
[1/9/2026, 01:08:44]   🛵 Bike: 7 min (7 min) | dist: 2.8 km
[1/9/2026, 01:08:45] [18/40] Tollygunge - Taratala Road
[1/9/2026, 01:08:52]       📅 Adjusting Google Maps 'Depart at' to closest target slot: 12:00 AM
[1/9/2026, 01:08:55]       ✅ Found matching bus [ 234/1  S-131] at Depart at [12:00 AM]
[1/9/2026, 01:09:03]   🚙 Car: 9 min (9 min) | dist: 3.9 km | traffic: Good
[1/9/2026, 01:09:03]   🚌 Bus: 36 min (36 min) | dist: 3.9 km
[1/9/2026, 01:09:03]   🛵 Bike: 9 min (9 min) | dist: 3.9 km
[1/9/2026, 01:09:03] [19/40] Prince Anwar Shah Rd
[1/9/2026, 01:09:11]       📅 Adjusting Google Maps 'Depart at' to closest target slot: 12:00 AM
[1/9/2026, 01:09:14]       ✅ Found matching bus [ 1B ] at Depart at [12:00 AM]
[1/9/2026, 01:09:22]   🚙 Car: 15 min (15 min) | dist: 6.9 km | traffic: Good
[1/9/2026, 01:09:22]   🚌 Bus: 1 hr 20 min (80 min) | dist: 6.9 km
[1/9/2026, 01:09:22]   🛵 Bike: 15 min (15 min) | dist: 6.9 km
[1/9/2026, 01:09:23] [20/40] Karunamoyee Road
[1/9/2026, 01:09:30]       📅 Adjusting Google Maps 'Depart at' to closest target slot: 12:00 AM
[1/9/2026, 01:09:40]   🚙 Car: 7 min (7 min) | dist: 3.3 km | traffic: Good
[1/9/2026, 01:09:40]   🚌 Bus: N/A (? min) | dist: 3.3 km
[1/9/2026, 01:09:40]   🛵 Bike: 7 min (7 min) | dist: 3.3 km
[1/9/2026, 01:09:41] [21/40] Canal South Road
[1/9/2026, 01:09:49]       📅 Adjusting Google Maps 'Depart at' to closest target slot: 12:00 AM
[1/9/2026, 01:09:52]       ✅ Found matching bus [ AC-37A] at Depart at [12:00 AM]
[1/9/2026, 01:10:00]   🚙 Car: 11 min (11 min) | dist: 5.5 km | traffic: Good
[1/9/2026, 01:10:00]   🚌 Bus: 36 min (36 min) | dist: 5.5 km
[1/9/2026, 01:10:00]   🛵 Bike: 11 min (11 min) | dist: 5.5 km
[1/9/2026, 01:10:01] [22/40] VIP Road connector
[1/9/2026, 01:10:08]       📅 Adjusting Google Maps 'Depart at' to closest target slot: 12:00 AM
[1/9/2026, 01:10:11]       ✅ Found matching bus [201 ] at Depart at [12:00 AM]
[1/9/2026, 01:10:19]   🚙 Car: 10 min (10 min) | dist: 4.1 km | traffic: Good
[1/9/2026, 01:10:19]   🚌 Bus: 20 min (20 min) | dist: 4.1 km
[1/9/2026, 01:10:19]   🛵 Bike: 10 min (10 min) | dist: 4.1 km
[1/9/2026, 01:10:20] [23/40] Baishnabghata-Patuli
[1/9/2026, 01:10:27]       📅 Adjusting Google Maps 'Depart at' to closest target slot: 12:00 AM
[1/9/2026, 01:10:30]       ✅ Found matching bus [45] at Depart at [12:00 AM]
[1/9/2026, 01:10:38]   🚙 Car: 4 min (4 min) | dist: 1.4 km | traffic: Good
[1/9/2026, 01:10:38]   🚌 Bus: 8 min (8 min) | dist: 1.4 km
[1/9/2026, 01:10:38]   🛵 Bike: 4 min (4 min) | dist: 1.4 km
[1/9/2026, 01:10:39] [24/40] Patuli - Highland Park
[1/9/2026, 01:10:46]       📅 Adjusting Google Maps 'Depart at' to closest target slot: 12:00 AM
[1/9/2026, 01:10:56]   🚙 Car: 2 min (2 min) | dist: 1.3 km | traffic: Good
[1/9/2026, 01:10:56]   🚌 Bus: N/A (? min) | dist: 1.3 km
[1/9/2026, 01:10:56]   🛵 Bike: 2 min (2 min) | dist: 1.3 km
[1/9/2026, 01:10:57] [25/40] Highland Park - Ajaynagar
[1/9/2026, 01:11:05]       📅 Adjusting Google Maps 'Depart at' to closest target slot: 12:00 AM
[1/9/2026, 01:11:15]   🚙 Car: 2 min (2 min) | dist: 850 m | traffic: Good
[1/9/2026, 01:11:15]   🚌 Bus: N/A (? min) | dist: 850 m
[1/9/2026, 01:11:15]   🛵 Bike: 2 min (2 min) | dist: 850 m
[1/9/2026, 01:11:16] [26/40] Ajaynagar - Kalikapur
[1/9/2026, 01:11:25]       📅 Adjusting Google Maps 'Depart at' to closest target slot: 12:00 AM
[1/9/2026, 01:11:27]       ✅ Found active bus route [ 1] (Live Transit Timetable)
[1/9/2026, 01:11:35]   🚙 Car: 4 min (4 min) | dist: 1.7 km | traffic: Good
[1/9/2026, 01:11:35]   🚌 Bus: 11 min (11 min) | dist: 1.7 km
[1/9/2026, 01:11:35]   🛵 Bike: 4 min (4 min) | dist: 1.7 km
[1/9/2026, 01:11:36] [27/40] Kalikapur - Ruby
[1/9/2026, 01:11:44]       📅 Adjusting Google Maps 'Depart at' to closest target slot: 12:00 AM
[1/9/2026, 01:11:54]   🚙 Car: 2 min (2 min) | dist: 1.2 km | traffic: Good
[1/9/2026, 01:11:54]   🚌 Bus: N/A (? min) | dist: 1.2 km
[1/9/2026, 01:11:54]   🛵 Bike: 2 min (2 min) | dist: 1.2 km
[1/9/2026, 01:11:55] [28/40] Ruby - Science City
[1/9/2026, 01:12:02]       📅 Adjusting Google Maps 'Depart at' to closest target slot: 12:00 AM
[1/9/2026, 01:12:05]       ✅ Found active bus route [24A/1 ] (Live Transit Timetable)
[1/9/2026, 01:12:13]   🚙 Car: 7 min (7 min) | dist: 4.0 km | traffic: Good
[1/9/2026, 01:12:13]   🚌 Bus: 26 min (26 min) | dist: 4.0 km
[1/9/2026, 01:12:13]   🛵 Bike: 7 min (7 min) | dist: 4.0 km
[1/9/2026, 01:12:14] [29/40] Science City - Chingrighata
[1/9/2026, 01:12:22]       📅 Adjusting Google Maps 'Depart at' to closest target slot: 12:00 AM
[1/9/2026, 01:12:33]   🚙 Car: 3 min (3 min) | dist: 1.9 km | traffic: Good
[1/9/2026, 01:12:33]   🚌 Bus: N/A (? min) | dist: 1.9 km
[1/9/2026, 01:12:33]   🛵 Bike: 3 min (3 min) | dist: 1.9 km
[1/9/2026, 01:12:34] [30/40] Chingrighata - Sealdah
[1/9/2026, 01:12:41]       📅 Adjusting Google Maps 'Depart at' to closest target slot: 12:00 AM
[1/9/2026, 01:12:44]       ✅ Found matching bus [S-12N] at Depart at [12:00 AM]
[1/9/2026, 01:12:52]   🚙 Car: 9 min (9 min) | dist: 4.6 km | traffic: Good
[1/9/2026, 01:12:52]   🚌 Bus: 15 min (15 min) | dist: 4.6 km
[1/9/2026, 01:12:52]   🛵 Bike: 9 min (9 min) | dist: 4.6 km
[1/9/2026, 01:12:53] [31/40] Sealdah - Park Circus
[1/9/2026, 01:13:00]       📅 Adjusting Google Maps 'Depart at' to closest target slot: 12:00 AM
[1/9/2026, 01:13:03]       ✅ Found matching bus [S-12N  230 ] at Depart at [12:00 AM]
[1/9/2026, 01:13:11]   🚙 Car: 7 min (7 min) | dist: 2.9 km | traffic: Good
[1/9/2026, 01:13:11]   🚌 Bus: 45 min (45 min) | dist: 2.9 km
[1/9/2026, 01:13:11]   🛵 Bike: 6 min (6 min) | dist: 2.9 km
[1/9/2026, 01:13:12] [32/40] Park Circus - Science City
[1/9/2026, 01:13:20]       📅 Adjusting Google Maps 'Depart at' to closest target slot: 12:00 AM
[1/9/2026, 01:13:22]       ✅ Found matching bus [Ecospace Amity University - Andul Station Road ] at Depart at [12:00 AM]
[1/9/2026, 01:13:30]   🚙 Car: 5 min (5 min) | dist: 3.8 km | traffic: Good
[1/9/2026, 01:13:30]   🚌 Bus: 19 min (19 min) | dist: 3.8 km
[1/9/2026, 01:13:30]   🛵 Bike: 7 min (7 min) | dist: 3.8 km
[1/9/2026, 01:13:31] [33/40] Park Circus - Gariahat
[1/9/2026, 01:13:39]       📅 Adjusting Google Maps 'Depart at' to closest target slot: 12:00 AM
[1/9/2026, 01:13:41]       ✅ Found matching bus [45] at Depart at [12:00 AM]
[1/9/2026, 01:13:48]   🚙 Car: 6 min (6 min) | dist: 2.7 km | traffic: Good
[1/9/2026, 01:13:48]   🚌 Bus: 12 min (12 min) | dist: 2.7 km
[1/9/2026, 01:13:48]   🛵 Bike: 7 min (7 min) | dist: 2.7 km
[1/9/2026, 01:13:49] [34/40] Gariahat - Ruby
[1/9/2026, 01:13:57]       📅 Adjusting Google Maps 'Depart at' to closest target slot: 12:00 AM
[1/9/2026, 01:13:59]       ✅ Found matching bus [18B/1] at Depart at [12:00 AM]
[1/9/2026, 01:14:08]   🚙 Car: 8 min (8 min) | dist: 4.1 km | traffic: Good
[1/9/2026, 01:14:08]   🚌 Bus: 14 min (14 min) | dist: 4.1 km
[1/9/2026, 01:14:08]   🛵 Bike: 8 min (8 min) | dist: 4.1 km
[1/9/2026, 01:14:09] [35/40] Gariahat - Mallick Road
[1/9/2026, 01:14:16]       📅 Adjusting Google Maps 'Depart at' to closest target slot: 12:00 AM
[1/9/2026, 01:14:19]       ✅ Found matching bus [45] at Depart at [12:00 AM]
[1/9/2026, 01:14:27]   🚙 Car: 4 min (4 min) | dist: 2.0 km | traffic: Good
[1/9/2026, 01:14:27]   🚌 Bus: 7 min (7 min) | dist: 2.0 km
[1/9/2026, 01:14:27]   🛵 Bike: 4 min (4 min) | dist: 2.0 km
[1/9/2026, 01:14:28] [36/40] Jadavpur Police St. - Kalikapur
[1/9/2026, 01:14:35]       📅 Adjusting Google Maps 'Depart at' to closest target slot: 12:00 AM
[1/9/2026, 01:14:38]       ✅ Found matching bus [1B ] at Depart at [12:00 AM]
[1/9/2026, 01:14:46]   🚙 Car: 7 min (7 min) | dist: 3.5 km | traffic: Good
[1/9/2026, 01:14:46]   🚌 Bus: 42 min (42 min) | dist: 3.5 km
[1/9/2026, 01:14:46]   🛵 Bike: 7 min (7 min) | dist: 3.5 km
[1/9/2026, 01:14:47] [37/40] Mallick Road - Jadavpur Sulekha
[1/9/2026, 01:14:55]       📅 Adjusting Google Maps 'Depart at' to closest target slot: 12:00 AM
[1/9/2026, 01:14:57]       ✅ Found matching bus [1A] at Depart at [12:00 AM]
[1/9/2026, 01:15:05]   🚙 Car: 2 min (2 min) | dist: 1.3 km | traffic: Good
[1/9/2026, 01:15:05]   🚌 Bus: 4 min (4 min) | dist: 1.3 km
[1/9/2026, 01:15:05]   🛵 Bike: 2 min (2 min) | dist: 1.3 km
[1/9/2026, 01:15:06] [38/40] Jadavpur Sulekha - Ajay Nagar
[1/9/2026, 01:15:14]       📅 Adjusting Google Maps 'Depart at' to closest target slot: 12:00 AM
[1/9/2026, 01:15:16]       ✅ Found matching bus [S-9] at Depart at [12:00 AM]
[1/9/2026, 01:15:24]   🚙 Car: 6 min (6 min) | dist: 3.1 km | traffic: Good
[1/9/2026, 01:15:24]   🚌 Bus: 10 min (10 min) | dist: 3.1 km
[1/9/2026, 01:15:24]   🛵 Bike: 6 min (6 min) | dist: 3.1 km
[1/9/2026, 01:15:25] [39/40] Jadavpur Sulekha - Bagha Jatin
[1/9/2026, 01:15:32]       📅 Adjusting Google Maps 'Depart at' to closest target slot: 12:00 AM
[1/9/2026, 01:15:35]       ✅ Found matching bus [13C] at Depart at [12:00 AM]
[1/9/2026, 01:15:43]   🚙 Car: 2 min (2 min) | dist: 900 m | traffic: Good
[1/9/2026, 01:15:43]   🚌 Bus: 3 min (3 min) | dist: 900 m
[1/9/2026, 01:15:43]   🛵 Bike: 2 min (2 min) | dist: 900 m
[1/9/2026, 01:15:44] [40/40] Bagha Jatin - Baishnabghata
[1/9/2026, 01:15:52]       📅 Adjusting Google Maps 'Depart at' to closest target slot: 12:00 AM
[1/9/2026, 01:15:54]       ✅ Found matching bus [45] at Depart at [12:00 AM]
[1/9/2026, 01:16:02]   🚙 Car: 3 min (3 min) | dist: 1.4 km | traffic: Good
[1/9/2026, 01:16:02]   🚌 Bus: 5 min (5 min) | dist: 1.4 km
[1/9/2026, 01:16:02]   🛵 Bike: 3 min (3 min) | dist: 1.4 km
[1/9/2026, 01:16:03] 
Session complete! Saving to Excel...
[1/9/2026, 01:16:03] 📊 Excel saved (styled & formatted): /home/runner/work/kolkata-traffic-collection/kolkata-traffic-collection/output/Kolkata_Traffic_Data_2026-09-01.xlsx
[1/9/2026, 04:27:55] 
════════════════════════════════════════════════════════════
[1/9/2026, 04:27:55] STARTING FETCH SESSION: manual
[1/9/2026, 04:27:55] Time (IST): 1/9/2026, 04:27:55
[1/9/2026, 04:27:55] Routes: 40
[1/9/2026, 04:27:55] ════════════════════════════════════════════════════════════
[1/9/2026, 04:27:55] [1/40] DH Road
[1/9/2026, 04:28:03]       📅 Adjusting Google Maps 'Depart at' to closest target slot: 12:00 AM
[1/9/2026, 04:28:05]       ✅ Found matching bus [AC-52] at Depart at [12:00 AM]
[1/9/2026, 04:28:13]   🚙 Car: 45 min (45 min) | dist: 19.7 km | traffic: Good
[1/9/2026, 04:28:13]   🚌 Bus: 1 hr 9 min (69 min) | dist: 19.7 km
[1/9/2026, 04:28:13]   🛵 Bike: 41 min (41 min) | dist: 19.7 km
[1/9/2026, 04:28:14] [2/40] B T Road
[1/9/2026, 04:28:21]       📅 Adjusting Google Maps 'Depart at' to closest target slot: 12:00 AM
[1/9/2026, 04:28:23]       ✅ Found matching bus [78] at Depart at [12:00 AM]
[1/9/2026, 04:28:31]   🚙 Car: 11 min (11 min) | dist: 6.0 km | traffic: Good
[1/9/2026, 04:28:31]   🚌 Bus: 21 min (21 min) | dist: 6.0 km
[1/9/2026, 04:28:31]   🛵 Bike: 10 min (10 min) | dist: 6.0 km
[1/9/2026, 04:28:32] [3/40] B T Road
[1/9/2026, 04:28:39]       📅 Adjusting Google Maps 'Depart at' to closest target slot: 12:00 AM
[1/9/2026, 04:28:41]       ✅ Found matching bus [78] at Depart at [12:00 AM]
[1/9/2026, 04:28:49]   🚙 Car: 18 min (18 min) | dist: 12.3 km | traffic: Good
[1/9/2026, 04:28:49]   🚌 Bus: 43 min (43 min) | dist: 12.3 km
[1/9/2026, 04:28:49]   🛵 Bike: 18 min (18 min) | dist: 12.3 km
[1/9/2026, 04:28:50] [4/40] VIP Road
[1/9/2026, 04:28:57]       📅 Adjusting Google Maps 'Depart at' to closest target slot: 12:00 AM
[1/9/2026, 04:29:00]       ✅ Found matching bus [217 ] at Depart at [12:00 AM]
[1/9/2026, 04:29:08]   🚙 Car: 23 min (23 min) | dist: 14.9 km | traffic: Unknown
[1/9/2026, 04:29:08]   🚌 Bus: 40 min (40 min) | dist: 14.9 km
[1/9/2026, 04:29:08]   🛵 Bike: 24 min (24 min) | dist: 14.9 km
[1/9/2026, 04:29:09] [5/40] Jessore Road
[1/9/2026, 04:29:16]       📅 Adjusting Google Maps 'Depart at' to closest target slot: 12:00 AM
[1/9/2026, 04:29:18]       ✅ Found matching bus [C-8] at Depart at [12:00 AM]
[1/9/2026, 04:29:26]   🚙 Car: 22 min (22 min) | dist: 11.3 km | traffic: Unknown
[1/9/2026, 04:29:26]   🚌 Bus: 39 min (39 min) | dist: 11.3 km
[1/9/2026, 04:29:26]   🛵 Bike: 21 min (21 min) | dist: 11.3 km
[1/9/2026, 04:29:27] [6/40] Airport Road
[1/9/2026, 04:29:34]       📅 Adjusting Google Maps 'Depart at' to closest target slot: 12:00 AM
[1/9/2026, 04:29:37]       ✅ Found matching bus [79D  30B] at Depart at [12:00 AM]
[1/9/2026, 04:29:44]   🚙 Car: 9 min (9 min) | dist: 4.8 km | traffic: Unknown
[1/9/2026, 04:29:44]   🚌 Bus: 1 hr 47 min (107 min) | dist: 4.8 km
[1/9/2026, 04:29:44]   🛵 Bike: 10 min (10 min) | dist: 4.8 km
[1/9/2026, 04:29:45] [7/40] APC Bose Rd
[1/9/2026, 04:29:53]       📅 Adjusting Google Maps 'Depart at' to closest target slot: 12:00 AM
[1/9/2026, 04:29:55]       ✅ Found matching bus [227] at Depart at [12:00 AM]
[1/9/2026, 04:30:03]   🚙 Car: 21 min (21 min) | dist: 8.2 km | traffic: Good
[1/9/2026, 04:30:03]   🚌 Bus: 29 min (29 min) | dist: 8.2 km
[1/9/2026, 04:30:03]   🛵 Bike: 20 min (20 min) | dist: 8.2 km
[1/9/2026, 04:30:03] [8/40] Bidhan Sarani
[1/9/2026, 04:30:11]       📅 Adjusting Google Maps 'Depart at' to closest target slot: 12:00 AM
[1/9/2026, 04:30:13]       ✅ Found matching bus [34B] at Depart at [12:00 AM]
[1/9/2026, 04:30:21]   🚙 Car: 13 min (13 min) | dist: 6.0 km | traffic: Good
[1/9/2026, 04:30:21]   🚌 Bus: 22 min (22 min) | dist: 6.0 km
[1/9/2026, 04:30:21]   🛵 Bike: 13 min (13 min) | dist: 6.0 km
[1/9/2026, 04:30:22] [9/40] Central Avenue (C R Avenue)
[1/9/2026, 04:30:29]       📅 Adjusting Google Maps 'Depart at' to closest target slot: 12:00 AM
[1/9/2026, 04:30:31]       ✅ Found matching bus [ 34B] at Depart at [12:00 AM]
[1/9/2026, 04:30:39]   🚙 Car: 12 min (12 min) | dist: 5.0 km | traffic: Good
[1/9/2026, 04:30:39]   🚌 Bus: 24 min (24 min) | dist: 5.0 km
[1/9/2026, 04:30:39]   🛵 Bike: 12 min (12 min) | dist: 5.0 km
[1/9/2026, 04:30:40] [10/40] S N Banerjee Road
[1/9/2026, 04:30:47]       📅 Adjusting Google Maps 'Depart at' to closest target slot: 12:00 AM
[1/9/2026, 04:30:50]       ✅ Found matching bus [Santragachhi - Sealdah - B.R. Singh Hospital] at Depart at [12:00 AM]
[1/9/2026, 04:30:57]   🚙 Car: 6 min (6 min) | dist: 2.3 km | traffic: Good
[1/9/2026, 04:30:57]   🚌 Bus: 8 min (8 min) | dist: 2.3 km
[1/9/2026, 04:30:57]   🛵 Bike: 5 min (5 min) | dist: 2.3 km
[1/9/2026, 04:30:58] [11/40] M G Road
[1/9/2026, 04:31:06]       📅 Adjusting Google Maps 'Depart at' to closest target slot: 12:00 AM
[1/9/2026, 04:31:08]       ✅ Found matching bus [28] at Depart at [12:00 AM]
[1/9/2026, 04:31:16]   🚙 Car: 10 min (10 min) | dist: 4.2 km | traffic: Good
[1/9/2026, 04:31:16]   🚌 Bus: 13 min (13 min) | dist: 4.2 km
[1/9/2026, 04:31:16]   🛵 Bike: 10 min (10 min) | dist: 4.2 km
[1/9/2026, 04:31:17] [12/40] C I T Road
[1/9/2026, 04:31:24]       📅 Adjusting Google Maps 'Depart at' to closest target slot: 12:00 AM
[1/9/2026, 04:31:27]       ✅ Found matching bus [45] at Depart at [12:00 AM]
[1/9/2026, 04:31:35]   🚙 Car: 6 min (6 min) | dist: 2.6 km | traffic: Good
[1/9/2026, 04:31:35]   🚌 Bus: 9 min (9 min) | dist: 2.6 km
[1/9/2026, 04:31:35]   🛵 Bike: 6 min (6 min) | dist: 2.6 km
[1/9/2026, 04:31:35] [13/40] Sarat Bose Road
[1/9/2026, 04:31:43]       📅 Adjusting Google Maps 'Depart at' to closest target slot: 12:00 AM
[1/9/2026, 04:31:45]       ✅ Found matching bus [221] at Depart at [12:00 AM]
[1/9/2026, 04:31:53]   🚙 Car: 9 min (9 min) | dist: 3.8 km | traffic: Good
[1/9/2026, 04:31:53]   🚌 Bus: 13 min (13 min) | dist: 3.8 km
[1/9/2026, 04:31:53]   🛵 Bike: 9 min (9 min) | dist: 3.8 km
[1/9/2026, 04:31:54] [14/40] S P Mukherjee Road
[1/9/2026, 04:32:02]       📅 Adjusting Google Maps 'Depart at' to closest target slot: 12:00 AM
[1/9/2026, 04:32:04]       ✅ Found matching bus [46B  45] at Depart at [12:00 AM]
[1/9/2026, 04:32:12]   🚙 Car: 34 min (34 min) | dist: 15.6 km | traffic: Good
[1/9/2026, 04:32:12]   🚌 Bus: 1 hr 5 min (65 min) | dist: 15.6 km
[1/9/2026, 04:32:12]   🛵 Bike: 33 min (33 min) | dist: 15.6 km
[1/9/2026, 04:32:12] [15/40] Hazra Road / S P Mukherjee Road connector
[1/9/2026, 04:32:20]       📅 Adjusting Google Maps 'Depart at' to closest target slot: 12:00 AM
[1/9/2026, 04:32:22]       ✅ Found matching bus [42A ] at Depart at [12:00 AM]
[1/9/2026, 04:32:30]   🚙 Car: 11 min (11 min) | dist: 4.6 km | traffic: Good
[1/9/2026, 04:32:30]   🚌 Bus: 28 min (28 min) | dist: 4.6 km
[1/9/2026, 04:32:30]   🛵 Bike: 10 min (10 min) | dist: 4.6 km
[1/9/2026, 04:32:31] [16/40] Gariahat Road / Rashbehari Avenue
[1/9/2026, 04:32:39]       📅 Adjusting Google Maps 'Depart at' to closest target slot: 12:00 AM
[1/9/2026, 04:32:41]       ✅ Found matching bus [1 ] at Depart at [12:00 AM]
[1/9/2026, 04:32:49]   🚙 Car: 6 min (6 min) | dist: 2.9 km | traffic: Good
[1/9/2026, 04:32:49]   🚌 Bus: 21 min (21 min) | dist: 2.9 km
[1/9/2026, 04:32:49]   🛵 Bike: 6 min (6 min) | dist: 2.9 km
[1/9/2026, 04:32:50] [17/40] Chetla Road
[1/9/2026, 04:32:57]       📅 Adjusting Google Maps 'Depart at' to closest target slot: 12:00 AM
[1/9/2026, 04:33:00]       ✅ Found matching bus [ 18C] at Depart at [12:00 AM]
[1/9/2026, 04:33:08]   🚙 Car: 7 min (7 min) | dist: 2.8 km | traffic: Good
[1/9/2026, 04:33:08]   🚌 Bus: 21 min (21 min) | dist: 2.8 km
[1/9/2026, 04:33:08]   🛵 Bike: 6 min (6 min) | dist: 2.8 km
[1/9/2026, 04:33:08] [18/40] Tollygunge - Taratala Road
[1/9/2026, 04:33:16]       📅 Adjusting Google Maps 'Depart at' to closest target slot: 12:00 AM
[1/9/2026, 04:33:18]       ✅ Found matching bus [ 234/1  S-131] at Depart at [12:00 AM]
[1/9/2026, 04:33:26]   🚙 Car: 10 min (10 min) | dist: 3.9 km | traffic: Good
[1/9/2026, 04:33:26]   🚌 Bus: 36 min (36 min) | dist: 3.9 km
[1/9/2026, 04:33:26]   🛵 Bike: 8 min (8 min) | dist: 3.9 km
[1/9/2026, 04:33:27] [19/40] Prince Anwar Shah Rd
[1/9/2026, 04:33:34]       📅 Adjusting Google Maps 'Depart at' to closest target slot: 12:00 AM
[1/9/2026, 04:33:37]       ✅ Found matching bus [ 1B ] at Depart at [12:00 AM]
[1/9/2026, 04:33:45]   🚙 Car: 13 min (13 min) | dist: 6.9 km | traffic: Good
[1/9/2026, 04:33:45]   🚌 Bus: 1 hr 20 min (80 min) | dist: 6.9 km
[1/9/2026, 04:33:45]   🛵 Bike: 13 min (13 min) | dist: 6.9 km
[1/9/2026, 04:33:46] [20/40] Karunamoyee Road
[1/9/2026, 04:33:53]       📅 Adjusting Google Maps 'Depart at' to closest target slot: 12:00 AM
[1/9/2026, 04:34:03]   🚙 Car: 7 min (7 min) | dist: 3.3 km | traffic: Good
[1/9/2026, 04:34:03]   🚌 Bus: N/A (? min) | dist: 3.3 km
[1/9/2026, 04:34:03]   🛵 Bike: 7 min (7 min) | dist: 3.3 km
[1/9/2026, 04:34:04] [21/40] Canal South Road
[1/9/2026, 04:34:11]       📅 Adjusting Google Maps 'Depart at' to closest target slot: 12:00 AM
[1/9/2026, 04:34:14]       ✅ Found matching bus [ AC-37A] at Depart at [12:00 AM]
[1/9/2026, 04:34:21]   🚙 Car: 10 min (10 min) | dist: 5.5 km | traffic: Good
[1/9/2026, 04:34:21]   🚌 Bus: 36 min (36 min) | dist: 5.5 km
[1/9/2026, 04:34:21]   🛵 Bike: 11 min (11 min) | dist: 5.5 km
[1/9/2026, 04:34:22] [22/40] VIP Road connector
[1/9/2026, 04:34:30]       📅 Adjusting Google Maps 'Depart at' to closest target slot: 12:00 AM
[1/9/2026, 04:34:32]       ✅ Found matching bus [201 ] at Depart at [12:00 AM]
[1/9/2026, 04:34:39]   🚙 Car: 9 min (9 min) | dist: 4.1 km | traffic: Good
[1/9/2026, 04:34:39]   🚌 Bus: 20 min (20 min) | dist: 4.1 km
[1/9/2026, 04:34:39]   🛵 Bike: 9 min (9 min) | dist: 4.1 km
[1/9/2026, 04:34:40] [23/40] Baishnabghata-Patuli
[1/9/2026, 04:34:48]       📅 Adjusting Google Maps 'Depart at' to closest target slot: 12:00 AM
[1/9/2026, 04:34:50]       ✅ Found matching bus [45] at Depart at [12:00 AM]
[1/9/2026, 04:34:58]   🚙 Car: 4 min (4 min) | dist: 1.4 km | traffic: Good
[1/9/2026, 04:34:58]   🚌 Bus: 8 min (8 min) | dist: 1.4 km
[1/9/2026, 04:34:58]   🛵 Bike: 4 min (4 min) | dist: 1.4 km
[1/9/2026, 04:34:59] [24/40] Patuli - Highland Park
[1/9/2026, 04:35:06]       📅 Adjusting Google Maps 'Depart at' to closest target slot: 12:00 AM
[1/9/2026, 04:35:09]       ✅ Found active bus route [AC-50A45AAC-37S-21S-24] (Live Transit Timetable)
[1/9/2026, 04:35:17]   🚙 Car: 2 min (2 min) | dist: 1.3 km | traffic: Good
[1/9/2026, 04:35:17]   🚌 Bus: 4 min (4 min) | dist: 1.3 km
[1/9/2026, 04:35:17]   🛵 Bike: 2 min (2 min) | dist: 1.3 km
[1/9/2026, 04:35:18] [25/40] Highland Park - Ajaynagar
[1/9/2026, 04:35:25]       📅 Adjusting Google Maps 'Depart at' to closest target slot: 12:00 AM
[1/9/2026, 04:35:28]       ✅ Found active bus route [AC-50A45AAC-37S-21S-24] (Live Transit Timetable)
[1/9/2026, 04:35:36]   🚙 Car: 1 min (1 min) | dist: 850 m | traffic: Good
[1/9/2026, 04:35:36]   🚌 Bus: 3 min (3 min) | dist: 850 m
[1/9/2026, 04:35:36]   🛵 Bike: 2 min (2 min) | dist: 850 m
[1/9/2026, 04:35:36] [26/40] Ajaynagar - Kalikapur
[1/9/2026, 04:35:44]       📅 Adjusting Google Maps 'Depart at' to closest target slot: 12:00 AM
[1/9/2026, 04:35:46]       ✅ Found active bus route [ 1] (Live Transit Timetable)
[1/9/2026, 04:35:54]   🚙 Car: 3 min (3 min) | dist: 1.7 km | traffic: Good
[1/9/2026, 04:35:54]   🚌 Bus: 11 min (11 min) | dist: 1.7 km
[1/9/2026, 04:35:54]   🛵 Bike: 3 min (3 min) | dist: 1.7 km
[1/9/2026, 04:35:55] [27/40] Kalikapur - Ruby
[1/9/2026, 04:36:02]       📅 Adjusting Google Maps 'Depart at' to closest target slot: 12:00 AM
[1/9/2026, 04:36:05]       ✅ Found active bus route [24A/1AC-50AS-9S-21S-24] (Live Transit Timetable)
[1/9/2026, 04:36:13]   🚙 Car: 2 min (2 min) | dist: 1.2 km | traffic: Good
[1/9/2026, 04:36:13]   🚌 Bus: 4 min (4 min) | dist: 1.2 km
[1/9/2026, 04:36:13]   🛵 Bike: 2 min (2 min) | dist: 1.2 km
[1/9/2026, 04:36:13] [28/40] Ruby - Science City
[1/9/2026, 04:36:21]       📅 Adjusting Google Maps 'Depart at' to closest target slot: 12:00 AM
[1/9/2026, 04:36:24]       ✅ Found active bus route [24A/1S-24 ] (Live Transit Timetable)
[1/9/2026, 04:36:32]   🚙 Car: 6 min (6 min) | dist: 4.0 km | traffic: Good
[1/9/2026, 04:36:32]   🚌 Bus: 26 min (26 min) | dist: 4.0 km
[1/9/2026, 04:36:32]   🛵 Bike: 6 min (6 min) | dist: 4.0 km
[1/9/2026, 04:36:32] [29/40] Science City - Chingrighata
[1/9/2026, 04:36:40]       📅 Adjusting Google Maps 'Depart at' to closest target slot: 12:00 AM
[1/9/2026, 04:36:43]       ✅ Found active bus route [ C-2342AC-50AS-9S-21] (Live Transit Timetable)
[1/9/2026, 04:36:51]   🚙 Car: 3 min (3 min) | dist: 1.9 km | traffic: Good
[1/9/2026, 04:36:51]   🚌 Bus: 13 min (13 min) | dist: 1.9 km
[1/9/2026, 04:36:51]   🛵 Bike: 3 min (3 min) | dist: 1.9 km
[1/9/2026, 04:36:52] [30/40] Chingrighata - Sealdah
[1/9/2026, 04:36:59]       📅 Adjusting Google Maps 'Depart at' to closest target slot: 12:00 AM
[1/9/2026, 04:37:02]       ✅ Found matching bus [S-12N] at Depart at [12:00 AM]
[1/9/2026, 04:37:09]   🚙 Car: 10 min (10 min) | dist: 4.6 km | traffic: Good
[1/9/2026, 04:37:09]   🚌 Bus: 15 min (15 min) | dist: 4.6 km
[1/9/2026, 04:37:09]   🛵 Bike: 10 min (10 min) | dist: 4.6 km
[1/9/2026, 04:37:10] [31/40] Sealdah - Park Circus
[1/9/2026, 04:37:17]       📅 Adjusting Google Maps 'Depart at' to closest target slot: 12:00 AM
[1/9/2026, 04:37:20]       ✅ Found matching bus [S-12N  230 ] at Depart at [12:00 AM]
[1/9/2026, 04:37:27]   🚙 Car: 7 min (7 min) | dist: 2.9 km | traffic: Good
[1/9/2026, 04:37:27]   🚌 Bus: 45 min (45 min) | dist: 2.9 km
[1/9/2026, 04:37:27]   🛵 Bike: 7 min (7 min) | dist: 2.9 km
[1/9/2026, 04:37:28] [32/40] Park Circus - Science City
[1/9/2026, 04:37:35]       📅 Adjusting Google Maps 'Depart at' to closest target slot: 12:00 AM
[1/9/2026, 04:37:38]       ✅ Found matching bus [Ecospace Amity University - Andul Station Road ] at Depart at [12:00 AM]
[1/9/2026, 04:37:46]   🚙 Car: 5 min (5 min) | dist: 3.8 km | traffic: Good
[1/9/2026, 04:37:46]   🚌 Bus: 19 min (19 min) | dist: 3.8 km
[1/9/2026, 04:37:46]   🛵 Bike: 5 min (5 min) | dist: 3.8 km
[1/9/2026, 04:37:47] [33/40] Park Circus - Gariahat
[1/9/2026, 04:37:54]       📅 Adjusting Google Maps 'Depart at' to closest target slot: 12:00 AM
[1/9/2026, 04:37:57]       ✅ Found matching bus [45] at Depart at [12:00 AM]
[1/9/2026, 04:38:07]   🚙 Car: 5 min (5 min) | dist: 2.7 km | traffic: Good
[1/9/2026, 04:38:07]   🚌 Bus: 12 min (12 min) | dist: 2.7 km
[1/9/2026, 04:38:07]   🛵 Bike: 6 min (6 min) | dist: 2.7 km
[1/9/2026, 04:38:08] [34/40] Gariahat - Ruby
[1/9/2026, 04:38:15]       📅 Adjusting Google Maps 'Depart at' to closest target slot: 12:00 AM
[1/9/2026, 04:38:18]       ✅ Found matching bus [18B/1] at Depart at [12:00 AM]
[1/9/2026, 04:38:26]   🚙 Car: 7 min (7 min) | dist: 4.1 km | traffic: Good
[1/9/2026, 04:38:26]   🚌 Bus: 14 min (14 min) | dist: 4.1 km
[1/9/2026, 04:38:26]   🛵 Bike: 7 min (7 min) | dist: 4.1 km
[1/9/2026, 04:38:27] [35/40] Gariahat - Mallick Road
[1/9/2026, 04:38:34]       📅 Adjusting Google Maps 'Depart at' to closest target slot: 12:00 AM
[1/9/2026, 04:38:37]       ✅ Found matching bus [45] at Depart at [12:00 AM]
[1/9/2026, 04:38:44]   🚙 Car: 4 min (4 min) | dist: 2.0 km | traffic: Good
[1/9/2026, 04:38:44]   🚌 Bus: 7 min (7 min) | dist: 2.0 km
[1/9/2026, 04:38:44]   🛵 Bike: 4 min (4 min) | dist: 2.0 km
[1/9/2026, 04:38:45] [36/40] Jadavpur Police St. - Kalikapur
[1/9/2026, 04:38:53]       📅 Adjusting Google Maps 'Depart at' to closest target slot: 12:00 AM
[1/9/2026, 04:38:55]       ✅ Found matching bus [1B ] at Depart at [12:00 AM]
[1/9/2026, 04:39:03]   🚙 Car: 6 min (6 min) | dist: 3.5 km | traffic: Good
[1/9/2026, 04:39:03]   🚌 Bus: 42 min (42 min) | dist: 3.5 km
[1/9/2026, 04:39:03]   🛵 Bike: 6 min (6 min) | dist: 3.5 km
[1/9/2026, 04:39:04] [37/40] Mallick Road - Jadavpur Sulekha
[1/9/2026, 04:39:11]       📅 Adjusting Google Maps 'Depart at' to closest target slot: 12:00 AM
[1/9/2026, 04:39:13]       ✅ Found matching bus [1A] at Depart at [12:00 AM]
[1/9/2026, 04:39:21]   🚙 Car: 2 min (2 min) | dist: 1.3 km | traffic: Good
[1/9/2026, 04:39:21]   🚌 Bus: 4 min (4 min) | dist: 1.3 km
[1/9/2026, 04:39:21]   🛵 Bike: 2 min (2 min) | dist: 1.3 km
[1/9/2026, 04:39:22] [38/40] Jadavpur Sulekha - Ajay Nagar
[1/9/2026, 04:39:29]       📅 Adjusting Google Maps 'Depart at' to closest target slot: 12:00 AM
[1/9/2026, 04:39:32]       ✅ Found matching bus [S-9] at Depart at [12:00 AM]
[1/9/2026, 04:39:40]   🚙 Car: 6 min (6 min) | dist: 3.1 km | traffic: Good
[1/9/2026, 04:39:40]   🚌 Bus: 10 min (10 min) | dist: 3.1 km
[1/9/2026, 04:39:40]   🛵 Bike: 7 min (7 min) | dist: 3.1 km
[1/9/2026, 04:39:40] [39/40] Jadavpur Sulekha - Bagha Jatin
[1/9/2026, 04:39:48]       📅 Adjusting Google Maps 'Depart at' to closest target slot: 12:00 AM
[1/9/2026, 04:39:50]       ✅ Found matching bus [13C] at Depart at [12:00 AM]
[1/9/2026, 04:39:58]   🚙 Car: 2 min (2 min) | dist: 900 m | traffic: Good
[1/9/2026, 04:39:58]   🚌 Bus: 3 min (3 min) | dist: 900 m
[1/9/2026, 04:39:58]   🛵 Bike: 2 min (2 min) | dist: 900 m
[1/9/2026, 04:39:59] [40/40] Bagha Jatin - Baishnabghata
[1/9/2026, 04:40:06]       📅 Adjusting Google Maps 'Depart at' to closest target slot: 12:00 AM
[1/9/2026, 04:40:09]       ✅ Found matching bus [45] at Depart at [12:00 AM]
[1/9/2026, 04:40:16]   🚙 Car: 3 min (3 min) | dist: 1.4 km | traffic: Good
[1/9/2026, 04:40:16]   🚌 Bus: 5 min (5 min) | dist: 1.4 km
[1/9/2026, 04:40:16]   🛵 Bike: 3 min (3 min) | dist: 1.4 km
[1/9/2026, 04:40:17] 
Session complete! Saving to Excel...
[1/9/2026, 04:40:17] 📊 Excel saved (styled & formatted): /home/runner/work/kolkata-traffic-collection/kolkata-traffic-collection/output/Kolkata_Traffic_Data_2026-09-01.xlsx
